// **************************************************************************
// Generator: AngularDart Compiler
// **************************************************************************

import 'import_prefixes.dart';
export 'import_prefixes.dart';
import 'package:angular/src/di/reflector.dart' as _ngRef;
import 'package:angular/angular.template.dart' as _ref0;
import 'package:angular/src/core/linker/app_view.dart';
import 'import_prefixes.dart' as import1;
import 'dart:html' as import2;
import 'package:angular/src/core/linker/style_encapsulation.dart' as import3;
import 'package:angular/src/core/linker/views/render_view.dart' as import4;
import 'package:angular/src/core/linker/view_type.dart' as import5;
import 'package:angular/src/core/change_detection/change_detection.dart';
import 'package:angular/src/runtime.dart' as import7;
import 'package:angular/angular.dart';
import 'package:angular/src/runtime/dom_helpers.dart' as import9;
import 'package:angular/src/runtime/text_binding.dart' as import10;
import 'package:angular/src/runtime/interpolate.dart' as import11;

final List<dynamic> styles$ParentComponent = const [];

class ViewParentComponent0 extends AppView<import1.ParentComponent> {
  import2.Element _el_0;
  static import3.ComponentStyles _componentStyles;
  ViewParentComponent0(import4.RenderView parentView, int parentIndex) : super(import5.ViewType.component, parentView, parentIndex, ChangeDetectionStrategy.CheckAlways) {
    initComponentStyles();
    rootEl = import2.document.createElement('parent-comp');
  }
  static String get _debugComponentUrl {
    return (import7.isDevMode ? 'asset:_goldens/test/_files/directives/import_prefixes.dart' : null);
  }

  @override
  ComponentRef<import1.ParentComponent> build() {
    final import2.HtmlElement parentRenderNode = initViewRoot();
    final doc = import2.document;
    _el_0 = import9.appendElement(doc, parentRenderNode, 'child-comp');
    init0();
  }

  @override
  void detectChangesInternal() {
    final _ctx = ctx;
    bool firstCheck = (this.cdState == 0);
    if (firstCheck) {
      if (!identical(_ctx.input, null)) {
        import9.setProperty(_el_0, 'myType', _ctx.input);
      }
    }
  }

  @override
  void initComponentStyles() {
    var styles = _componentStyles;
    if (identical(styles, null)) {
      (_componentStyles = (styles = (_componentStyles = import3.ComponentStyles.unscoped(styles$ParentComponent, _debugComponentUrl))));
    }
    componentStyles = styles;
  }
}

const ComponentFactory<import1.ParentComponent> _ParentComponentNgFactory = const ComponentFactory('parent-comp', viewFactory_ParentComponentHost0);
ComponentFactory<import1.ParentComponent> get ParentComponentNgFactory {
  return _ParentComponentNgFactory;
}

final List<dynamic> styles$ParentComponentHost = const [];

class _ViewParentComponentHost0 extends AppView<import1.ParentComponent> {
  ViewParentComponent0 _compView_0;
  import1.ParentComponent _ParentComponent_0_5;
  _ViewParentComponentHost0(import4.RenderView parentView, int parentIndex) : super(import5.ViewType.host, parentView, parentIndex, ChangeDetectionStrategy.CheckAlways);
  @override
  AppView<void> get hostedComponentView {
    return _compView_0;
  }

  @override
  ComponentRef<import1.ParentComponent> build() {
    _compView_0 = ViewParentComponent0(this, 0);
    final _el_0 = _compView_0.rootEl;
    _ParentComponent_0_5 = import1.ParentComponent();
    _compView_0.create(_ParentComponent_0_5, projectedNodes);
    init1(_el_0);
    return ComponentRef(this, _el_0, _ParentComponent_0_5);
  }

  @override
  void detectChangesInternal() {
    _compView_0.detectChanges();
  }

  @override
  void destroyInternal() {
    _compView_0.destroyInternalState();
  }
}

AppView<import1.ParentComponent> viewFactory_ParentComponentHost0() {
  return _ViewParentComponentHost0(null, null);
}

final List<dynamic> styles$ChildComponent = const [];

class ViewChildComponent0 extends AppView<import1.ChildComponent> {
  final import10.TextBinding _textBinding_0 = import10.TextBinding();
  static import3.ComponentStyles _componentStyles;
  ViewChildComponent0(import4.RenderView parentView, int parentIndex) : super(import5.ViewType.component, parentView, parentIndex, ChangeDetectionStrategy.CheckAlways) {
    initComponentStyles();
    rootEl = import2.document.createElement('child-cmp');
  }
  static String get _debugComponentUrl {
    return (import7.isDevMode ? 'asset:_goldens/test/_files/directives/import_prefixes.dart' : null);
  }

  @override
  ComponentRef<import1.ChildComponent> build() {
    final import2.HtmlElement parentRenderNode = initViewRoot();
    parentRenderNode.append(_textBinding_0.element);
    init0();
  }

  @override
  void detectChangesInternal() {
    final _ctx = ctx;
    _textBinding_0.updateText(import11.interpolate0(_ctx.myType));
  }

  @override
  void initComponentStyles() {
    var styles = _componentStyles;
    if (identical(styles, null)) {
      (_componentStyles = (styles = (_componentStyles = import3.ComponentStyles.unscoped(styles$ChildComponent, _debugComponentUrl))));
    }
    componentStyles = styles;
  }
}

const ComponentFactory<import1.ChildComponent> _ChildComponentNgFactory = const ComponentFactory('child-cmp', viewFactory_ChildComponentHost0);
ComponentFactory<import1.ChildComponent> get ChildComponentNgFactory {
  return _ChildComponentNgFactory;
}

final List<dynamic> styles$ChildComponentHost = const [];

class _ViewChildComponentHost0 extends AppView<import1.ChildComponent> {
  ViewChildComponent0 _compView_0;
  import1.ChildComponent _ChildComponent_0_5;
  _ViewChildComponentHost0(import4.RenderView parentView, int parentIndex) : super(import5.ViewType.host, parentView, parentIndex, ChangeDetectionStrategy.CheckAlways);
  @override
  AppView<void> get hostedComponentView {
    return _compView_0;
  }

  @override
  ComponentRef<import1.ChildComponent> build() {
    _compView_0 = ViewChildComponent0(this, 0);
    final _el_0 = _compView_0.rootEl;
    _ChildComponent_0_5 = import1.ChildComponent();
    _compView_0.create(_ChildComponent_0_5, projectedNodes);
    init1(_el_0);
    return ComponentRef(this, _el_0, _ChildComponent_0_5);
  }

  @override
  void detectChangesInternal() {
    _compView_0.detectChanges();
  }

  @override
  void destroyInternal() {
    _compView_0.destroyInternalState();
  }
}

AppView<import1.ChildComponent> viewFactory_ChildComponentHost0() {
  return _ViewChildComponentHost0(null, null);
}

var _visited = false;
void initReflector() {
  if (_visited) {
    return;
  }
  _visited = true;

  _ngRef.registerComponent(ParentComponent, ParentComponentNgFactory);
  _ngRef.registerComponent(ChildComponent, ChildComponentNgFactory);
  _ref0.initReflector();
}
