// **************************************************************************
// Generator: AngularDart Compiler
// **************************************************************************

import 'nested_ng_for.dart';
export 'nested_ng_for.dart';
import 'package:angular/src/di/reflector.dart' as _ngRef;
import 'package:angular/angular.template.dart' as _ref0;
import 'package:angular/src/core/linker/app_view.dart';
import 'nested_ng_for.dart' as import1;
import 'package:angular/src/core/linker/view_container.dart';
import 'package:angular/src/common/directives/ng_for.dart' as import3;
import 'package:angular/src/core/render/api.dart';
import 'package:angular/src/core/linker/view_type.dart' as import5;
import 'package:angular/src/core/change_detection/change_detection.dart';
import 'dart:html' as import7;
import 'package:angular/src/core/linker/app_view_utils.dart' as import8;
import 'package:angular/src/runtime.dart' as import9;
import 'package:angular/angular.dart';
import 'package:angular/src/core/linker/template_ref.dart';
import 'dart:core';

final List<dynamic> styles$NestedNgForComponent = const [];

class ViewNestedNgForComponent0 extends AppView<import1.NestedNgForComponent> {
  ViewContainer _appEl_0;
  import3.NgFor _NgFor_0_9;
  var _expr_0;
  static RenderComponentType _renderType;
  ViewNestedNgForComponent0(AppView<dynamic> parentView, int parentIndex) : super(import5.ViewType.component, {}, parentView, parentIndex, ChangeDetectionStrategy.CheckAlways) {
    rootEl = import7.document.createElement('nested-ng-for');
    _renderType ??= import8.appViewUtils.createRenderType((import9.isDevMode ? 'asset:_goldens/test/_files/directives/nested_ng_for.dart' : null), ViewEncapsulation.None, styles$NestedNgForComponent);
    setupComponentType(_renderType);
  }
  @override
  ComponentRef<import1.NestedNgForComponent> build() {
    final _rootEl = rootEl;
    final import7.HtmlElement parentRenderNode = initViewRoot(_rootEl);
    final _anchor_0 = createViewContainerAnchor();
    parentRenderNode.append(_anchor_0);
    _appEl_0 = ViewContainer(0, null, this, _anchor_0);
    TemplateRef _TemplateRef_0_8 = TemplateRef(_appEl_0, viewFactory_NestedNgForComponent1);
    _NgFor_0_9 = import3.NgFor(_appEl_0, _TemplateRef_0_8);
    init(const [], null);
  }

  @override
  void detectChangesInternal() {
    final _ctx = ctx;
    final currVal_0 = _ctx.matrix;
    if (import8.checkBinding(_expr_0, currVal_0)) {
      _NgFor_0_9.ngForOf = currVal_0;
      _expr_0 = currVal_0;
    }
    if (!import8.AppViewUtils.throwOnChanges) {
      _NgFor_0_9.ngDoCheck();
    }
    _appEl_0.detectChangesInNestedViews();
  }

  @override
  void destroyInternal() {
    _appEl_0?.destroyNestedViews();
  }
}

AppView<import1.NestedNgForComponent> viewFactory_NestedNgForComponent0(AppView<dynamic> parentView, int parentIndex) {
  return ViewNestedNgForComponent0(parentView, parentIndex);
}

const ComponentFactory<import1.NestedNgForComponent> _NestedNgForComponentNgFactory = const ComponentFactory('nested-ng-for', viewFactory_NestedNgForComponentHost0);
ComponentFactory<import1.NestedNgForComponent> get NestedNgForComponentNgFactory {
  return _NestedNgForComponentNgFactory;
}

class _ViewNestedNgForComponent1 extends AppView<import1.NestedNgForComponent> {
  ViewContainer _appEl_1;
  import3.NgFor _NgFor_1_9;
  var _expr_0;
  _ViewNestedNgForComponent1(AppView<dynamic> parentView, int parentIndex) : super(import5.ViewType.embedded, {'\$implicit': null}, parentView, parentIndex, ChangeDetectionStrategy.CheckAlways) {
    componentType = ViewNestedNgForComponent0._renderType;
  }
  @override
  ComponentRef<import1.NestedNgForComponent> build() {
    var doc = import7.document;
    final _el_0 = doc.createElement('span');
    final _anchor_1 = createViewContainerAnchor();
    _el_0.append(_anchor_1);
    _appEl_1 = ViewContainer(1, 0, this, _anchor_1);
    TemplateRef _TemplateRef_1_8 = TemplateRef(_appEl_1, viewFactory_NestedNgForComponent2);
    _NgFor_1_9 = import3.NgFor(_appEl_1, _TemplateRef_1_8);
    init0(_el_0);
  }

  @override
  void detectChangesInternal() {
    final local_row = import9.unsafeCast<List<int>>(locals['\$implicit']);
    final currVal_0 = local_row;
    if (import8.checkBinding(_expr_0, currVal_0)) {
      _NgFor_1_9.ngForOf = currVal_0;
      _expr_0 = currVal_0;
    }
    if (!import8.AppViewUtils.throwOnChanges) {
      _NgFor_1_9.ngDoCheck();
    }
    _appEl_1.detectChangesInNestedViews();
  }

  @override
  void destroyInternal() {
    _appEl_1?.destroyNestedViews();
  }
}

AppView<import1.NestedNgForComponent> viewFactory_NestedNgForComponent1(AppView<dynamic> parentView, int parentIndex) {
  return _ViewNestedNgForComponent1(parentView, parentIndex);
}

class _ViewNestedNgForComponent2 extends AppView<import1.NestedNgForComponent> {
  var _expr_0;
  import7.Text _text_1;
  _ViewNestedNgForComponent2(AppView<dynamic> parentView, int parentIndex) : super(import5.ViewType.embedded, {'\$implicit': null}, parentView, parentIndex, ChangeDetectionStrategy.CheckAlways) {
    componentType = ViewNestedNgForComponent0._renderType;
  }
  @override
  ComponentRef<import1.NestedNgForComponent> build() {
    var doc = import7.document;
    final _el_0 = doc.createElement('div');
    _text_1 = import7.Text('');
    _el_0.append(_text_1);
    init0(_el_0);
  }

  @override
  void detectChangesInternal() {
    final local_value = locals['\$implicit'];
    final currVal_0 = import8.interpolate0(local_value);
    if (import8.checkBinding(_expr_0, currVal_0)) {
      _text_1.text = currVal_0;
      _expr_0 = currVal_0;
    }
  }
}

AppView<import1.NestedNgForComponent> viewFactory_NestedNgForComponent2(AppView<dynamic> parentView, int parentIndex) {
  return _ViewNestedNgForComponent2(parentView, parentIndex);
}

final List<dynamic> styles$NestedNgForComponentHost = const [];

class _ViewNestedNgForComponentHost0 extends AppView<import1.NestedNgForComponent> {
  ViewNestedNgForComponent0 _compView_0;
  import1.NestedNgForComponent _NestedNgForComponent_0_5;
  _ViewNestedNgForComponentHost0(AppView<dynamic> parentView, int parentIndex) : super(import5.ViewType.host, {}, parentView, parentIndex, ChangeDetectionStrategy.CheckAlways);
  @override
  ComponentRef<import1.NestedNgForComponent> build() {
    _compView_0 = ViewNestedNgForComponent0(this, 0);
    rootEl = _compView_0.rootEl;
    _NestedNgForComponent_0_5 = import1.NestedNgForComponent();
    _compView_0.create(_NestedNgForComponent_0_5, projectableNodes);
    init0(rootEl);
    return ComponentRef(0, this, rootEl, _NestedNgForComponent_0_5);
  }

  @override
  void detectChangesInternal() {
    _compView_0.detectChanges();
  }

  @override
  void destroyInternal() {
    _compView_0?.destroy();
  }
}

AppView<import1.NestedNgForComponent> viewFactory_NestedNgForComponentHost0(AppView<dynamic> parentView, int parentIndex) {
  return _ViewNestedNgForComponentHost0(parentView, parentIndex);
}

var _visited = false;
void initReflector() {
  if (_visited) {
    return;
  }
  _visited = true;

  _ngRef.registerComponent(NestedNgForComponent, NestedNgForComponentNgFactory);
  _ref0.initReflector();
}
