// **************************************************************************
// Generator: AngularDart Compiler
// **************************************************************************

import 'html.dart';
export 'html.dart';
import 'package:angular/src/di/reflector.dart' as _ngRef;
import 'package:angular/angular.template.dart' as _ref0;
import 'package:angular/src/core/linker/views/component_view.dart' as import0;
import 'html.dart' as import1;
import 'package:angular/src/core/linker/style_encapsulation.dart' as import2;
import 'package:angular/src/core/linker/views/view.dart' as import3;
import 'package:angular/src/core/change_detection/change_detection.dart';
import 'dart:html' as import5;
import 'package:angular/src/runtime.dart' as import6;
import 'package:angular/src/runtime/dom_helpers.dart' as import7;
import 'package:angular/src/core/linker/app_view_utils.dart' as import8;
import 'package:intl/intl.dart' as import9;
import 'package:angular/angular.dart';
import 'package:angular/src/core/linker/views/host_view.dart' as import11;

final List<dynamic> styles$I18nHtmlComponent = const [];

// View for component I18nHtmlComponent in asset:_goldens/test/_files/i18n/html.dart (changeDetection: Default)
class ViewI18nHtmlComponent0 extends import0.ComponentView<import1.I18nHtmlComponent> {
  static import2.ComponentStyles _componentStyles;
  ViewI18nHtmlComponent0(import3.View parentView, int parentIndex) : super(parentView, parentIndex, ChangeDetectionStrategy.CheckAlways) {
    this.initComponentStyles();
    this.rootElement = import5.document.createElement('message');
  }
  static String get _debugComponentUrl {
    return (import6.isDevMode ? 'asset:_goldens/test/_files/i18n/html.dart' : null);
  }

  @override
  void build() {
    final import5.HtmlElement parentRenderNode = this.initViewRoot();
    final doc = import5.document;
    final _el_0 = import7.appendElement(doc, parentRenderNode, 'p');
    final _html_1 = import8.createTrustedHtml(_message_0('<i>', '<b>', '</b>', '</i>'));
    _el_0.append(_html_1);
  }

  static String _message_0(String startTag0, String startTag1, String endTag1, String endTag0) {
    return import9.Intl.message('This message contains ${startTag0}multiple levels of ${startTag1}nested${endTag1} HTML${endTag0}.', desc: 'description', name: 'ViewI18nHtmlComponent0__message_0', args: [startTag0, startTag1, endTag1, endTag0], examples: const {'startTag0': '<i>', 'startTag1': '<b>', 'endTag1': '</b>', 'endTag0': '</i>'});
  }

  static void _debugClearComponentStyles() {
    _componentStyles = null;
  }

  void initComponentStyles() {
    var styles = _componentStyles;
    if (identical(styles, null)) {
      _componentStyles = (styles = import2.ComponentStyles.unscoped(styles$I18nHtmlComponent, _debugComponentUrl));
      if (import6.isDevMode) {
        import2.ComponentStyles.debugOnClear(_debugClearComponentStyles);
      }
    }
    this.componentStyles = styles;
  }
}

const ComponentFactory<import1.I18nHtmlComponent> _I18nHtmlComponentNgFactory = const ComponentFactory('message', viewFactory_I18nHtmlComponentHost0);
ComponentFactory<import1.I18nHtmlComponent> get I18nHtmlComponentNgFactory {
  return _I18nHtmlComponentNgFactory;
}

final List<dynamic> styles$I18nHtmlComponentHost = const [];

// Host for component I18nHtmlComponent in asset:_goldens/test/_files/i18n/html.dart (changeDetection: Default)
class _ViewI18nHtmlComponentHost0 extends import11.HostView<import1.I18nHtmlComponent> {
  @override
  void build() {
    // Child component I18nHtmlComponent in asset:_goldens/test/_files/i18n/html.dart (changeDetection: Default)
    this.componentView = ViewI18nHtmlComponent0(this, 0);
    final _el_0 = this.componentView.rootElement;
    this.component = import1.I18nHtmlComponent();
    this.initRootNode(_el_0);
  }
}

import11.HostView<import1.I18nHtmlComponent> viewFactory_I18nHtmlComponentHost0() {
  return _ViewI18nHtmlComponentHost0();
}

var _visited = false;
void initReflector() {
  if (_visited) {
    return;
  }
  _visited = true;

  _ngRef.registerComponent(I18nHtmlComponent, I18nHtmlComponentNgFactory);
  _ref0.initReflector();
}
