// **************************************************************************
// Generator: AngularDart Compiler
// **************************************************************************

import 'dart2js_golden.dart';
export 'dart2js_golden.dart';
import 'package:angular/src/di/reflector.dart' as _ngRef;
import 'dart2js_golden.template.dart' as _ref0;
import 'package:angular/angular.template.dart' as _ref1;
import 'package:angular/src/core/linker/app_view.dart';
import 'dart2js_golden.dart' as import1;
import 'package:angular/src/core/render/api.dart';
import 'package:angular/src/core/linker/view_type.dart' as import3;
import 'package:angular/src/core/change_detection/change_detection.dart';
import 'dart:html' as import5;
import 'package:angular/src/core/linker/app_view_utils.dart' as import6;
import 'package:angular/src/runtime.dart' as import7;
import 'package:angular/angular.dart';
import 'package:angular/src/di/errors.dart' as import9;
import 'package:angular/src/core/di/opaque_token.dart' as import10;
import 'dart:core';
import 'package:angular/src/core/linker/view_container.dart';
import 'package:angular/src/common/directives/ng_if.dart';
import 'package:angular/src/core/linker/template_ref.dart';
import 'package:angular/src/common/directives/ng_for.dart' as import15;

final List<dynamic> styles$RootComponent = const [];

class ViewRootComponent0 extends AppView<import1.RootComponent> {
  ViewUsesDefaultChangeDetectionAndInput0 _compView_0;
  import1.UsesDefaultChangeDetectionAndInput _UsesDefaultChangeDetectionAndInput_0_5;
  ViewInlinedNgIf0 _compView_1;
  import1.InlinedNgIf _InlinedNgIf_1_5;
  ViewEmbeddedNgIf0 _compView_2;
  import1.EmbeddedNgIf _EmbeddedNgIf_2_5;
  ViewEmbeddedNgFor0 _compView_3;
  import1.EmbeddedNgFor _EmbeddedNgFor_3_5;
  ViewInjectsFromArbitraryParent0 _compView_4;
  import1.InjectsFromArbitraryParent _InjectsFromArbitraryParent_4_5;
  ViewComponentConditionalFeatures0 _compView_5;
  import1.ComponentConditionalFeatures _ComponentConditionalFeatures_5_5;
  static RenderComponentType _renderType;
  ViewRootComponent0(AppView<dynamic> parentView, int parentIndex) : super(import3.ViewType.component, {}, parentView, parentIndex, ChangeDetectionStrategy.CheckAlways) {
    rootEl = import5.document.createElement('root-component');
    _renderType ??= import6.appViewUtils.createRenderType((import7.isDevMode ? 'asset:_goldens/test/_files/dart2js/dart2js_golden.dart' : null), ViewEncapsulation.None, styles$RootComponent);
    setupComponentType(_renderType);
  }
  @override
  ComponentRef<import1.RootComponent> build() {
    final _rootEl = rootEl;
    final import5.HtmlElement parentRenderNode = initViewRoot(_rootEl);
    _compView_0 = ViewUsesDefaultChangeDetectionAndInput0(this, 0);
    final _el_0 = _compView_0.rootEl;
    parentRenderNode.append(_el_0);
    _UsesDefaultChangeDetectionAndInput_0_5 = import1.UsesDefaultChangeDetectionAndInput();
    _compView_0.create(_UsesDefaultChangeDetectionAndInput_0_5, []);
    _compView_1 = ViewInlinedNgIf0(this, 1);
    final _el_1 = _compView_1.rootEl;
    parentRenderNode.append(_el_1);
    _InlinedNgIf_1_5 = import1.InlinedNgIf();
    _compView_1.create(_InlinedNgIf_1_5, []);
    _compView_2 = ViewEmbeddedNgIf0(this, 2);
    final _el_2 = _compView_2.rootEl;
    parentRenderNode.append(_el_2);
    _EmbeddedNgIf_2_5 = import1.EmbeddedNgIf();
    _compView_2.create(_EmbeddedNgIf_2_5, []);
    _compView_3 = ViewEmbeddedNgFor0(this, 3);
    final _el_3 = _compView_3.rootEl;
    parentRenderNode.append(_el_3);
    _EmbeddedNgFor_3_5 = import1.EmbeddedNgFor();
    _compView_3.create(_EmbeddedNgFor_3_5, []);
    _compView_4 = ViewInjectsFromArbitraryParent0(this, 4);
    final _el_4 = _compView_4.rootEl;
    parentRenderNode.append(_el_4);
    _InjectsFromArbitraryParent_4_5 = (import7.isDevMode
        ? import9.debugInjectorWrap(import1.InjectsFromArbitraryParent, () {
            return import1.InjectsFromArbitraryParent(parentView.injectorGet(const import10.MultiToken<String>('usPresidents'), viewData.parentIndex), parentView.injectorGet(const import10.MultiToken<String>('whiteHouse'), viewData.parentIndex), parentView.injectorGet(import1.InjectableService, viewData.parentIndex));
          })
        : import1.InjectsFromArbitraryParent(parentView.injectorGet(const import10.MultiToken<String>('usPresidents'), viewData.parentIndex), parentView.injectorGet(const import10.MultiToken<String>('whiteHouse'), viewData.parentIndex), parentView.injectorGet(import1.InjectableService, viewData.parentIndex)));
    _compView_4.create(_InjectsFromArbitraryParent_4_5, []);
    _compView_5 = ViewComponentConditionalFeatures0(this, 5);
    final _el_5 = _compView_5.rootEl;
    parentRenderNode.append(_el_5);
    _ComponentConditionalFeatures_5_5 = import1.ComponentConditionalFeatures();
    _compView_5.create(_ComponentConditionalFeatures_5_5, []);
    init(const [], null);
  }

  @override
  void detectChangesInternal() {
    bool firstCheck = (this.cdState == 0);
    if (firstCheck) {
      _ComponentConditionalFeatures_5_5.useFeatureA = true;
      _ComponentConditionalFeatures_5_5.useFeatureB = false;
    }
    _compView_0.detectChanges();
    _compView_1.detectChanges();
    _compView_2.detectChanges();
    _compView_3.detectChanges();
    _compView_4.detectChanges();
    _compView_5.detectChanges();
  }

  @override
  void destroyInternal() {
    _compView_0?.destroy();
    _compView_1?.destroy();
    _compView_2?.destroy();
    _compView_3?.destroy();
    _compView_4?.destroy();
    _compView_5?.destroy();
  }
}

AppView<import1.RootComponent> viewFactory_RootComponent0(AppView<dynamic> parentView, int parentIndex) {
  return ViewRootComponent0(parentView, parentIndex);
}

const ComponentFactory<import1.RootComponent> _RootComponentNgFactory = const ComponentFactory('root-component', viewFactory_RootComponentHost0);
ComponentFactory<import1.RootComponent> get RootComponentNgFactory {
  return _RootComponentNgFactory;
}

final List<dynamic> styles$RootComponentHost = const [];

class _ViewRootComponentHost0 extends AppView<import1.RootComponent> {
  ViewRootComponent0 _compView_0;
  import1.RootComponent _RootComponent_0_5;
  _ViewRootComponentHost0(AppView<dynamic> parentView, int parentIndex) : super(import3.ViewType.host, {}, parentView, parentIndex, ChangeDetectionStrategy.CheckAlways);
  @override
  ComponentRef<import1.RootComponent> build() {
    _compView_0 = ViewRootComponent0(this, 0);
    rootEl = _compView_0.rootEl;
    _RootComponent_0_5 = import1.RootComponent();
    _compView_0.create(_RootComponent_0_5, projectableNodes);
    init0(rootEl);
    return ComponentRef(0, this, rootEl, _RootComponent_0_5);
  }

  @override
  void detectChangesInternal() {
    _compView_0.detectChanges();
  }

  @override
  void destroyInternal() {
    _compView_0?.destroy();
  }
}

AppView<import1.RootComponent> viewFactory_RootComponentHost0(AppView<dynamic> parentView, int parentIndex) {
  return _ViewRootComponentHost0(parentView, parentIndex);
}

final List<dynamic> styles$UsesDefaultChangeDetectionAndInput = const [];

class ViewUsesDefaultChangeDetectionAndInput0 extends AppView<import1.UsesDefaultChangeDetectionAndInput> {
  var _expr_0;
  import5.Element _el_0;
  static RenderComponentType _renderType;
  ViewUsesDefaultChangeDetectionAndInput0(AppView<dynamic> parentView, int parentIndex) : super(import3.ViewType.component, {}, parentView, parentIndex, ChangeDetectionStrategy.CheckAlways) {
    rootEl = import5.document.createElement('uses-default-change-detection-and-input');
    _renderType ??= import6.appViewUtils.createRenderType((import7.isDevMode ? 'asset:_goldens/test/_files/dart2js/dart2js_golden.dart' : null), ViewEncapsulation.None, styles$UsesDefaultChangeDetectionAndInput);
    setupComponentType(_renderType);
  }
  @override
  ComponentRef<import1.UsesDefaultChangeDetectionAndInput> build() {
    final _rootEl = rootEl;
    final import5.HtmlElement parentRenderNode = initViewRoot(_rootEl);
    var doc = import5.document;
    _el_0 = createAndAppend(doc, 'default-change-detection-and-input', parentRenderNode);
    init(const [], null);
  }

  @override
  void detectChangesInternal() {
    final _ctx = ctx;
    final currVal_0 = _ctx.name;
    if (import6.checkBinding(_expr_0, currVal_0)) {
      setProp(_el_0, 'name', currVal_0);
      _expr_0 = currVal_0;
    }
  }
}

AppView<import1.UsesDefaultChangeDetectionAndInput> viewFactory_UsesDefaultChangeDetectionAndInput0(AppView<dynamic> parentView, int parentIndex) {
  return ViewUsesDefaultChangeDetectionAndInput0(parentView, parentIndex);
}

const ComponentFactory<import1.UsesDefaultChangeDetectionAndInput> _UsesDefaultChangeDetectionAndInputNgFactory = const ComponentFactory('uses-default-change-detection-and-input', viewFactory_UsesDefaultChangeDetectionAndInputHost0);
ComponentFactory<import1.UsesDefaultChangeDetectionAndInput> get UsesDefaultChangeDetectionAndInputNgFactory {
  return _UsesDefaultChangeDetectionAndInputNgFactory;
}

final List<dynamic> styles$UsesDefaultChangeDetectionAndInputHost = const [];

class _ViewUsesDefaultChangeDetectionAndInputHost0 extends AppView<import1.UsesDefaultChangeDetectionAndInput> {
  ViewUsesDefaultChangeDetectionAndInput0 _compView_0;
  import1.UsesDefaultChangeDetectionAndInput _UsesDefaultChangeDetectionAndInput_0_5;
  _ViewUsesDefaultChangeDetectionAndInputHost0(AppView<dynamic> parentView, int parentIndex) : super(import3.ViewType.host, {}, parentView, parentIndex, ChangeDetectionStrategy.CheckAlways);
  @override
  ComponentRef<import1.UsesDefaultChangeDetectionAndInput> build() {
    _compView_0 = ViewUsesDefaultChangeDetectionAndInput0(this, 0);
    rootEl = _compView_0.rootEl;
    _UsesDefaultChangeDetectionAndInput_0_5 = import1.UsesDefaultChangeDetectionAndInput();
    _compView_0.create(_UsesDefaultChangeDetectionAndInput_0_5, projectableNodes);
    init0(rootEl);
    return ComponentRef(0, this, rootEl, _UsesDefaultChangeDetectionAndInput_0_5);
  }

  @override
  void detectChangesInternal() {
    _compView_0.detectChanges();
  }

  @override
  void destroyInternal() {
    _compView_0?.destroy();
  }
}

AppView<import1.UsesDefaultChangeDetectionAndInput> viewFactory_UsesDefaultChangeDetectionAndInputHost0(AppView<dynamic> parentView, int parentIndex) {
  return _ViewUsesDefaultChangeDetectionAndInputHost0(parentView, parentIndex);
}

final List<dynamic> styles$DefaultChangeDetectionAndInput = const [];

class ViewDefaultChangeDetectionAndInput0 extends AppView<import1.DefaultChangeDetectionAndInput> {
  var _expr_0;
  import5.Text _text_1;
  static RenderComponentType _renderType;
  ViewDefaultChangeDetectionAndInput0(AppView<dynamic> parentView, int parentIndex) : super(import3.ViewType.component, {}, parentView, parentIndex, ChangeDetectionStrategy.CheckAlways) {
    rootEl = import5.document.createElement('default-change-detection-and-input');
    _renderType ??= import6.appViewUtils.createRenderType((import7.isDevMode ? 'asset:_goldens/test/_files/dart2js/dart2js_golden.dart' : null), ViewEncapsulation.None, styles$DefaultChangeDetectionAndInput);
    setupComponentType(_renderType);
  }
  @override
  ComponentRef<import1.DefaultChangeDetectionAndInput> build() {
    final _rootEl = rootEl;
    final import5.HtmlElement parentRenderNode = initViewRoot(_rootEl);
    final _text_0 = import5.Text('Hello ');
    parentRenderNode.append(_text_0);
    _text_1 = import5.Text('');
    parentRenderNode.append(_text_1);
    init(const [], null);
  }

  @override
  void detectChangesInternal() {
    final _ctx = ctx;
    final currVal_0 = (_ctx.name ?? '');
    if (import6.checkBinding(_expr_0, currVal_0)) {
      _text_1.text = currVal_0;
      _expr_0 = currVal_0;
    }
  }
}

AppView<import1.DefaultChangeDetectionAndInput> viewFactory_DefaultChangeDetectionAndInput0(AppView<dynamic> parentView, int parentIndex) {
  return ViewDefaultChangeDetectionAndInput0(parentView, parentIndex);
}

const ComponentFactory<import1.DefaultChangeDetectionAndInput> _DefaultChangeDetectionAndInputNgFactory = const ComponentFactory('default-change-detection-and-input', viewFactory_DefaultChangeDetectionAndInputHost0);
ComponentFactory<import1.DefaultChangeDetectionAndInput> get DefaultChangeDetectionAndInputNgFactory {
  return _DefaultChangeDetectionAndInputNgFactory;
}

final List<dynamic> styles$DefaultChangeDetectionAndInputHost = const [];

class _ViewDefaultChangeDetectionAndInputHost0 extends AppView<import1.DefaultChangeDetectionAndInput> {
  ViewDefaultChangeDetectionAndInput0 _compView_0;
  import1.DefaultChangeDetectionAndInput _DefaultChangeDetectionAndInput_0_5;
  _ViewDefaultChangeDetectionAndInputHost0(AppView<dynamic> parentView, int parentIndex) : super(import3.ViewType.host, {}, parentView, parentIndex, ChangeDetectionStrategy.CheckAlways);
  @override
  ComponentRef<import1.DefaultChangeDetectionAndInput> build() {
    _compView_0 = ViewDefaultChangeDetectionAndInput0(this, 0);
    rootEl = _compView_0.rootEl;
    _DefaultChangeDetectionAndInput_0_5 = import1.DefaultChangeDetectionAndInput();
    _compView_0.create(_DefaultChangeDetectionAndInput_0_5, projectableNodes);
    init0(rootEl);
    return ComponentRef(0, this, rootEl, _DefaultChangeDetectionAndInput_0_5);
  }

  @override
  void detectChangesInternal() {
    _compView_0.detectChanges();
  }

  @override
  void destroyInternal() {
    _compView_0?.destroy();
  }
}

AppView<import1.DefaultChangeDetectionAndInput> viewFactory_DefaultChangeDetectionAndInputHost0(AppView<dynamic> parentView, int parentIndex) {
  return _ViewDefaultChangeDetectionAndInputHost0(parentView, parentIndex);
}

final List<dynamic> styles$InlinedNgIf = const [];

class ViewInlinedNgIf0 extends AppView<import1.InlinedNgIf> {
  bool _expr_0 = false;
  import5.Comment _anchor_0;
  import5.DivElement _el_0_0;
  static RenderComponentType _renderType;
  ViewInlinedNgIf0(AppView<dynamic> parentView, int parentIndex) : super(import3.ViewType.component, {}, parentView, parentIndex, ChangeDetectionStrategy.CheckAlways) {
    rootEl = import5.document.createElement('inlined-ng-if');
    _renderType ??= import6.appViewUtils.createRenderType((import7.isDevMode ? 'asset:_goldens/test/_files/dart2js/dart2js_golden.dart' : null), ViewEncapsulation.None, styles$InlinedNgIf);
    setupComponentType(_renderType);
  }
  @override
  ComponentRef<import1.InlinedNgIf> build() {
    final _rootEl = rootEl;
    final import5.HtmlElement parentRenderNode = initViewRoot(_rootEl);
    _anchor_0 = createViewContainerAnchor();
    parentRenderNode.append(_anchor_0);
    init([], null);
  }

  @override
  void detectChangesInternal() {
    final _ctx = ctx;
    final currVal_0 = (_ctx.showDiv == true);
    if (import6.checkBinding(_expr_0, currVal_0)) {
      if (currVal_0) {
        var doc = import5.document;
        _el_0_0 = doc.createElement('div');
        final _text_0_1 = import5.Text('Hello World');
        _el_0_0.append(_text_0_1);
        addInlinedNodes(_anchor_0, [_el_0_0], true);
      } else {
        removeInlinedNodes([_el_0_0], true);
      }
      _expr_0 = currVal_0;
    }
  }
}

AppView<import1.InlinedNgIf> viewFactory_InlinedNgIf0(AppView<dynamic> parentView, int parentIndex) {
  return ViewInlinedNgIf0(parentView, parentIndex);
}

const ComponentFactory<import1.InlinedNgIf> _InlinedNgIfNgFactory = const ComponentFactory('inlined-ng-if', viewFactory_InlinedNgIfHost0);
ComponentFactory<import1.InlinedNgIf> get InlinedNgIfNgFactory {
  return _InlinedNgIfNgFactory;
}

final List<dynamic> styles$InlinedNgIfHost = const [];

class _ViewInlinedNgIfHost0 extends AppView<import1.InlinedNgIf> {
  ViewInlinedNgIf0 _compView_0;
  import1.InlinedNgIf _InlinedNgIf_0_5;
  _ViewInlinedNgIfHost0(AppView<dynamic> parentView, int parentIndex) : super(import3.ViewType.host, {}, parentView, parentIndex, ChangeDetectionStrategy.CheckAlways);
  @override
  ComponentRef<import1.InlinedNgIf> build() {
    _compView_0 = ViewInlinedNgIf0(this, 0);
    rootEl = _compView_0.rootEl;
    _InlinedNgIf_0_5 = import1.InlinedNgIf();
    _compView_0.create(_InlinedNgIf_0_5, projectableNodes);
    init0(rootEl);
    return ComponentRef(0, this, rootEl, _InlinedNgIf_0_5);
  }

  @override
  void detectChangesInternal() {
    _compView_0.detectChanges();
  }

  @override
  void destroyInternal() {
    _compView_0?.destroy();
  }
}

AppView<import1.InlinedNgIf> viewFactory_InlinedNgIfHost0(AppView<dynamic> parentView, int parentIndex) {
  return _ViewInlinedNgIfHost0(parentView, parentIndex);
}

final List<dynamic> styles$EmbeddedNgIf = const [];

class ViewEmbeddedNgIf0 extends AppView<import1.EmbeddedNgIf> {
  ViewContainer _appEl_0;
  NgIf _NgIf_0_9;
  static RenderComponentType _renderType;
  ViewEmbeddedNgIf0(AppView<dynamic> parentView, int parentIndex) : super(import3.ViewType.component, {}, parentView, parentIndex, ChangeDetectionStrategy.CheckAlways) {
    rootEl = import5.document.createElement('embedded-ng-if');
    _renderType ??= import6.appViewUtils.createRenderType((import7.isDevMode ? 'asset:_goldens/test/_files/dart2js/dart2js_golden.dart' : null), ViewEncapsulation.None, styles$EmbeddedNgIf);
    setupComponentType(_renderType);
  }
  @override
  ComponentRef<import1.EmbeddedNgIf> build() {
    final _rootEl = rootEl;
    final import5.HtmlElement parentRenderNode = initViewRoot(_rootEl);
    final _anchor_0 = createViewContainerAnchor();
    parentRenderNode.append(_anchor_0);
    _appEl_0 = ViewContainer(0, null, this, _anchor_0);
    TemplateRef _TemplateRef_0_8 = TemplateRef(_appEl_0, viewFactory_EmbeddedNgIf1);
    _NgIf_0_9 = NgIf(_appEl_0, _TemplateRef_0_8);
    init(const [], null);
  }

  @override
  void detectChangesInternal() {
    final _ctx = ctx;
    _NgIf_0_9.ngIf = _ctx.showNull;
    _appEl_0.detectChangesInNestedViews();
  }

  @override
  void destroyInternal() {
    _appEl_0?.destroyNestedViews();
  }
}

AppView<import1.EmbeddedNgIf> viewFactory_EmbeddedNgIf0(AppView<dynamic> parentView, int parentIndex) {
  return ViewEmbeddedNgIf0(parentView, parentIndex);
}

const ComponentFactory<import1.EmbeddedNgIf> _EmbeddedNgIfNgFactory = const ComponentFactory('embedded-ng-if', viewFactory_EmbeddedNgIfHost0);
ComponentFactory<import1.EmbeddedNgIf> get EmbeddedNgIfNgFactory {
  return _EmbeddedNgIfNgFactory;
}

class _ViewEmbeddedNgIf1 extends AppView<import1.EmbeddedNgIf> {
  ViewNullComponent0 _compView_0;
  import1.NullComponent _NullComponent_0_5;
  _ViewEmbeddedNgIf1(AppView<dynamic> parentView, int parentIndex) : super(import3.ViewType.embedded, {}, parentView, parentIndex, ChangeDetectionStrategy.CheckAlways) {
    componentType = ViewEmbeddedNgIf0._renderType;
  }
  @override
  ComponentRef<import1.EmbeddedNgIf> build() {
    _compView_0 = ViewNullComponent0(this, 0);
    final _el_0 = _compView_0.rootEl;
    _NullComponent_0_5 = import1.NullComponent();
    _compView_0.create(_NullComponent_0_5, []);
    init0(_el_0);
  }

  @override
  void detectChangesInternal() {
    _compView_0.detectChanges();
  }

  @override
  void destroyInternal() {
    _compView_0?.destroy();
  }
}

AppView<import1.EmbeddedNgIf> viewFactory_EmbeddedNgIf1(AppView<dynamic> parentView, int parentIndex) {
  return _ViewEmbeddedNgIf1(parentView, parentIndex);
}

final List<dynamic> styles$EmbeddedNgIfHost = const [];

class _ViewEmbeddedNgIfHost0 extends AppView<import1.EmbeddedNgIf> {
  ViewEmbeddedNgIf0 _compView_0;
  import1.EmbeddedNgIf _EmbeddedNgIf_0_5;
  _ViewEmbeddedNgIfHost0(AppView<dynamic> parentView, int parentIndex) : super(import3.ViewType.host, {}, parentView, parentIndex, ChangeDetectionStrategy.CheckAlways);
  @override
  ComponentRef<import1.EmbeddedNgIf> build() {
    _compView_0 = ViewEmbeddedNgIf0(this, 0);
    rootEl = _compView_0.rootEl;
    _EmbeddedNgIf_0_5 = import1.EmbeddedNgIf();
    _compView_0.create(_EmbeddedNgIf_0_5, projectableNodes);
    init0(rootEl);
    return ComponentRef(0, this, rootEl, _EmbeddedNgIf_0_5);
  }

  @override
  void detectChangesInternal() {
    _compView_0.detectChanges();
  }

  @override
  void destroyInternal() {
    _compView_0?.destroy();
  }
}

AppView<import1.EmbeddedNgIf> viewFactory_EmbeddedNgIfHost0(AppView<dynamic> parentView, int parentIndex) {
  return _ViewEmbeddedNgIfHost0(parentView, parentIndex);
}

final List<dynamic> styles$EmbeddedNgFor = const [];

class ViewEmbeddedNgFor0 extends AppView<import1.EmbeddedNgFor> {
  ViewContainer _appEl_1;
  import15.NgFor _NgFor_1_9;
  static RenderComponentType _renderType;
  ViewEmbeddedNgFor0(AppView<dynamic> parentView, int parentIndex) : super(import3.ViewType.component, {}, parentView, parentIndex, ChangeDetectionStrategy.CheckAlways) {
    rootEl = import5.document.createElement('embedded-ng-for');
    _renderType ??= import6.appViewUtils.createRenderType((import7.isDevMode ? 'asset:_goldens/test/_files/dart2js/dart2js_golden.dart' : null), ViewEncapsulation.None, styles$EmbeddedNgFor);
    setupComponentType(_renderType);
  }
  @override
  ComponentRef<import1.EmbeddedNgFor> build() {
    final _rootEl = rootEl;
    final import5.HtmlElement parentRenderNode = initViewRoot(_rootEl);
    var doc = import5.document;
    final _el_0 = createAndAppend(doc, 'ul', parentRenderNode);
    final _anchor_1 = createViewContainerAnchor();
    _el_0.append(_anchor_1);
    _appEl_1 = ViewContainer(1, 0, this, _anchor_1);
    TemplateRef _TemplateRef_1_8 = TemplateRef(_appEl_1, viewFactory_EmbeddedNgFor1);
    _NgFor_1_9 = import15.NgFor(_appEl_1, _TemplateRef_1_8);
    init(const [], null);
  }

  @override
  void detectChangesInternal() {
    final _ctx = ctx;
    bool firstCheck = (this.cdState == 0);
    if (firstCheck) {
      if (!identical(_ctx.items, null)) {
        (_NgFor_1_9.ngForOf = _ctx.items);
      }
    }
    if (!import6.AppViewUtils.throwOnChanges) {
      _NgFor_1_9.ngDoCheck();
    }
    _appEl_1.detectChangesInNestedViews();
  }

  @override
  void destroyInternal() {
    _appEl_1?.destroyNestedViews();
  }
}

AppView<import1.EmbeddedNgFor> viewFactory_EmbeddedNgFor0(AppView<dynamic> parentView, int parentIndex) {
  return ViewEmbeddedNgFor0(parentView, parentIndex);
}

const ComponentFactory<import1.EmbeddedNgFor> _EmbeddedNgForNgFactory = const ComponentFactory('embedded-ng-for', viewFactory_EmbeddedNgForHost0);
ComponentFactory<import1.EmbeddedNgFor> get EmbeddedNgForNgFactory {
  return _EmbeddedNgForNgFactory;
}

class _ViewEmbeddedNgFor1 extends AppView<import1.EmbeddedNgFor> {
  var _expr_0;
  import5.Text _text_1;
  _ViewEmbeddedNgFor1(AppView<dynamic> parentView, int parentIndex) : super(import3.ViewType.embedded, {'\$implicit': null}, parentView, parentIndex, ChangeDetectionStrategy.CheckAlways) {
    componentType = ViewEmbeddedNgFor0._renderType;
  }
  @override
  ComponentRef<import1.EmbeddedNgFor> build() {
    var doc = import5.document;
    final _el_0 = doc.createElement('li');
    _text_1 = import5.Text('');
    _el_0.append(_text_1);
    init0(_el_0);
  }

  @override
  void detectChangesInternal() {
    final local_item = import7.unsafeCast<String>(locals['\$implicit']);
    final currVal_0 = import6.interpolate0(local_item);
    if (import6.checkBinding(_expr_0, currVal_0)) {
      _text_1.text = currVal_0;
      _expr_0 = currVal_0;
    }
  }
}

AppView<import1.EmbeddedNgFor> viewFactory_EmbeddedNgFor1(AppView<dynamic> parentView, int parentIndex) {
  return _ViewEmbeddedNgFor1(parentView, parentIndex);
}

final List<dynamic> styles$EmbeddedNgForHost = const [];

class _ViewEmbeddedNgForHost0 extends AppView<import1.EmbeddedNgFor> {
  ViewEmbeddedNgFor0 _compView_0;
  import1.EmbeddedNgFor _EmbeddedNgFor_0_5;
  _ViewEmbeddedNgForHost0(AppView<dynamic> parentView, int parentIndex) : super(import3.ViewType.host, {}, parentView, parentIndex, ChangeDetectionStrategy.CheckAlways);
  @override
  ComponentRef<import1.EmbeddedNgFor> build() {
    _compView_0 = ViewEmbeddedNgFor0(this, 0);
    rootEl = _compView_0.rootEl;
    _EmbeddedNgFor_0_5 = import1.EmbeddedNgFor();
    _compView_0.create(_EmbeddedNgFor_0_5, projectableNodes);
    init0(rootEl);
    return ComponentRef(0, this, rootEl, _EmbeddedNgFor_0_5);
  }

  @override
  void detectChangesInternal() {
    _compView_0.detectChanges();
  }

  @override
  void destroyInternal() {
    _compView_0?.destroy();
  }
}

AppView<import1.EmbeddedNgFor> viewFactory_EmbeddedNgForHost0(AppView<dynamic> parentView, int parentIndex) {
  return _ViewEmbeddedNgForHost0(parentView, parentIndex);
}

final List<dynamic> styles$NullComponent = const [];

class ViewNullComponent0 extends AppView<import1.NullComponent> {
  static RenderComponentType _renderType;
  ViewNullComponent0(AppView<dynamic> parentView, int parentIndex) : super(import3.ViewType.component, {}, parentView, parentIndex, ChangeDetectionStrategy.CheckAlways) {
    rootEl = import5.document.createElement('null');
    _renderType ??= import6.appViewUtils.createRenderType((import7.isDevMode ? 'asset:_goldens/test/_files/dart2js/dart2js_golden.dart' : null), ViewEncapsulation.None, styles$NullComponent);
    setupComponentType(_renderType);
  }
  @override
  ComponentRef<import1.NullComponent> build() {
    final _rootEl = rootEl;
    final import5.HtmlElement parentRenderNode = initViewRoot(_rootEl);
    init(const [], null);
  }
}

AppView<import1.NullComponent> viewFactory_NullComponent0(AppView<dynamic> parentView, int parentIndex) {
  return ViewNullComponent0(parentView, parentIndex);
}

const ComponentFactory<import1.NullComponent> _NullComponentNgFactory = const ComponentFactory('null', viewFactory_NullComponentHost0);
ComponentFactory<import1.NullComponent> get NullComponentNgFactory {
  return _NullComponentNgFactory;
}

final List<dynamic> styles$NullComponentHost = const [];

class _ViewNullComponentHost0 extends AppView<import1.NullComponent> {
  ViewNullComponent0 _compView_0;
  import1.NullComponent _NullComponent_0_5;
  _ViewNullComponentHost0(AppView<dynamic> parentView, int parentIndex) : super(import3.ViewType.host, {}, parentView, parentIndex, ChangeDetectionStrategy.CheckAlways);
  @override
  ComponentRef<import1.NullComponent> build() {
    _compView_0 = ViewNullComponent0(this, 0);
    rootEl = _compView_0.rootEl;
    _NullComponent_0_5 = import1.NullComponent();
    _compView_0.create(_NullComponent_0_5, projectableNodes);
    init0(rootEl);
    return ComponentRef(0, this, rootEl, _NullComponent_0_5);
  }

  @override
  void detectChangesInternal() {
    _compView_0.detectChanges();
  }

  @override
  void destroyInternal() {
    _compView_0?.destroy();
  }
}

AppView<import1.NullComponent> viewFactory_NullComponentHost0(AppView<dynamic> parentView, int parentIndex) {
  return _ViewNullComponentHost0(parentView, parentIndex);
}

final List<dynamic> styles$InjectsFromArbitraryParent = const [];

class ViewInjectsFromArbitraryParent0 extends AppView<import1.InjectsFromArbitraryParent> {
  static RenderComponentType _renderType;
  ViewInjectsFromArbitraryParent0(AppView<dynamic> parentView, int parentIndex) : super(import3.ViewType.component, {}, parentView, parentIndex, ChangeDetectionStrategy.CheckAlways) {
    rootEl = import5.document.createElement('injects-from-arbitrary-parent');
    _renderType ??= import6.appViewUtils.createRenderType((import7.isDevMode ? 'asset:_goldens/test/_files/dart2js/dart2js_golden.dart' : null), ViewEncapsulation.None, styles$InjectsFromArbitraryParent);
    setupComponentType(_renderType);
  }
  @override
  ComponentRef<import1.InjectsFromArbitraryParent> build() {
    final _rootEl = rootEl;
    final import5.HtmlElement parentRenderNode = initViewRoot(_rootEl);
    init(const [], null);
  }
}

AppView<import1.InjectsFromArbitraryParent> viewFactory_InjectsFromArbitraryParent0(AppView<dynamic> parentView, int parentIndex) {
  return ViewInjectsFromArbitraryParent0(parentView, parentIndex);
}

const ComponentFactory<import1.InjectsFromArbitraryParent> _InjectsFromArbitraryParentNgFactory = const ComponentFactory('injects-from-arbitrary-parent', viewFactory_InjectsFromArbitraryParentHost0);
ComponentFactory<import1.InjectsFromArbitraryParent> get InjectsFromArbitraryParentNgFactory {
  return _InjectsFromArbitraryParentNgFactory;
}

final List<dynamic> styles$InjectsFromArbitraryParentHost = const [];

class _ViewInjectsFromArbitraryParentHost0 extends AppView<import1.InjectsFromArbitraryParent> {
  ViewInjectsFromArbitraryParent0 _compView_0;
  import1.InjectsFromArbitraryParent _InjectsFromArbitraryParent_0_5;
  _ViewInjectsFromArbitraryParentHost0(AppView<dynamic> parentView, int parentIndex) : super(import3.ViewType.host, {}, parentView, parentIndex, ChangeDetectionStrategy.CheckAlways);
  @override
  ComponentRef<import1.InjectsFromArbitraryParent> build() {
    _compView_0 = ViewInjectsFromArbitraryParent0(this, 0);
    rootEl = _compView_0.rootEl;
    _InjectsFromArbitraryParent_0_5 = (import7.isDevMode
        ? import9.debugInjectorWrap(import1.InjectsFromArbitraryParent, () {
            return import1.InjectsFromArbitraryParent(this.injectorGet(const import10.MultiToken<String>('usPresidents'), viewData.parentIndex), this.injectorGet(const import10.MultiToken<String>('whiteHouse'), viewData.parentIndex), this.injectorGet(import1.InjectableService, viewData.parentIndex));
          })
        : import1.InjectsFromArbitraryParent(this.injectorGet(const import10.MultiToken<String>('usPresidents'), viewData.parentIndex), this.injectorGet(const import10.MultiToken<String>('whiteHouse'), viewData.parentIndex), this.injectorGet(import1.InjectableService, viewData.parentIndex)));
    _compView_0.create(_InjectsFromArbitraryParent_0_5, projectableNodes);
    init0(rootEl);
    return ComponentRef(0, this, rootEl, _InjectsFromArbitraryParent_0_5);
  }

  @override
  void detectChangesInternal() {
    _compView_0.detectChanges();
  }

  @override
  void destroyInternal() {
    _compView_0?.destroy();
  }
}

AppView<import1.InjectsFromArbitraryParent> viewFactory_InjectsFromArbitraryParentHost0(AppView<dynamic> parentView, int parentIndex) {
  return _ViewInjectsFromArbitraryParentHost0(parentView, parentIndex);
}

final List<dynamic> styles$ComponentConditionalFeatures = const [];

class ViewComponentConditionalFeatures0 extends AppView<import1.ComponentConditionalFeatures> {
  ViewContainer _appEl_0;
  NgIf _NgIf_0_9;
  ViewContainer _appEl_1;
  NgIf _NgIf_1_9;
  static RenderComponentType _renderType;
  ViewComponentConditionalFeatures0(AppView<dynamic> parentView, int parentIndex) : super(import3.ViewType.component, {}, parentView, parentIndex, ChangeDetectionStrategy.CheckAlways) {
    rootEl = import5.document.createElement('component-conditional-features');
    _renderType ??= import6.appViewUtils.createRenderType((import7.isDevMode ? 'asset:_goldens/test/_files/dart2js/dart2js_golden.dart' : null), ViewEncapsulation.None, styles$ComponentConditionalFeatures);
    setupComponentType(_renderType);
  }
  @override
  ComponentRef<import1.ComponentConditionalFeatures> build() {
    final _rootEl = rootEl;
    final import5.HtmlElement parentRenderNode = initViewRoot(_rootEl);
    final _anchor_0 = createViewContainerAnchor();
    parentRenderNode.append(_anchor_0);
    _appEl_0 = ViewContainer(0, null, this, _anchor_0);
    TemplateRef _TemplateRef_0_8 = TemplateRef(_appEl_0, viewFactory_ComponentConditionalFeatures1);
    _NgIf_0_9 = NgIf(_appEl_0, _TemplateRef_0_8);
    final _anchor_1 = createViewContainerAnchor();
    parentRenderNode.append(_anchor_1);
    _appEl_1 = ViewContainer(1, null, this, _anchor_1);
    TemplateRef _TemplateRef_1_8 = TemplateRef(_appEl_1, viewFactory_ComponentConditionalFeatures2);
    _NgIf_1_9 = NgIf(_appEl_1, _TemplateRef_1_8);
    init(const [], null);
  }

  @override
  void detectChangesInternal() {
    final _ctx = ctx;
    _NgIf_0_9.ngIf = _ctx.useFeatureA;
    _NgIf_1_9.ngIf = _ctx.useFeatureB;
    _appEl_0.detectChangesInNestedViews();
    _appEl_1.detectChangesInNestedViews();
  }

  @override
  void destroyInternal() {
    _appEl_0?.destroyNestedViews();
    _appEl_1?.destroyNestedViews();
  }
}

AppView<import1.ComponentConditionalFeatures> viewFactory_ComponentConditionalFeatures0(AppView<dynamic> parentView, int parentIndex) {
  return ViewComponentConditionalFeatures0(parentView, parentIndex);
}

const ComponentFactory<import1.ComponentConditionalFeatures> _ComponentConditionalFeaturesNgFactory = const ComponentFactory('component-conditional-features', viewFactory_ComponentConditionalFeaturesHost0);
ComponentFactory<import1.ComponentConditionalFeatures> get ComponentConditionalFeaturesNgFactory {
  return _ComponentConditionalFeaturesNgFactory;
}

class _ViewComponentConditionalFeatures1 extends AppView<import1.ComponentConditionalFeatures> {
  ViewFeatureA0 _compView_0;
  import1.FeatureA _FeatureA_0_5;
  _ViewComponentConditionalFeatures1(AppView<dynamic> parentView, int parentIndex) : super(import3.ViewType.embedded, {}, parentView, parentIndex, ChangeDetectionStrategy.CheckAlways) {
    componentType = ViewComponentConditionalFeatures0._renderType;
  }
  @override
  ComponentRef<import1.ComponentConditionalFeatures> build() {
    _compView_0 = ViewFeatureA0(this, 0);
    final _el_0 = _compView_0.rootEl;
    _FeatureA_0_5 = import1.FeatureA();
    _compView_0.create(_FeatureA_0_5, []);
    init0(_el_0);
  }

  @override
  void detectChangesInternal() {
    _compView_0.detectChanges();
  }

  @override
  void destroyInternal() {
    _compView_0?.destroy();
  }
}

AppView<import1.ComponentConditionalFeatures> viewFactory_ComponentConditionalFeatures1(AppView<dynamic> parentView, int parentIndex) {
  return _ViewComponentConditionalFeatures1(parentView, parentIndex);
}

class _ViewComponentConditionalFeatures2 extends AppView<import1.ComponentConditionalFeatures> {
  ViewFeatureB0 _compView_0;
  import1.FeatureB _FeatureB_0_5;
  _ViewComponentConditionalFeatures2(AppView<dynamic> parentView, int parentIndex) : super(import3.ViewType.embedded, {}, parentView, parentIndex, ChangeDetectionStrategy.CheckAlways) {
    componentType = ViewComponentConditionalFeatures0._renderType;
  }
  @override
  ComponentRef<import1.ComponentConditionalFeatures> build() {
    _compView_0 = ViewFeatureB0(this, 0);
    final _el_0 = _compView_0.rootEl;
    _FeatureB_0_5 = import1.FeatureB();
    _compView_0.create(_FeatureB_0_5, []);
    init0(_el_0);
  }

  @override
  void detectChangesInternal() {
    _compView_0.detectChanges();
  }

  @override
  void destroyInternal() {
    _compView_0?.destroy();
  }
}

AppView<import1.ComponentConditionalFeatures> viewFactory_ComponentConditionalFeatures2(AppView<dynamic> parentView, int parentIndex) {
  return _ViewComponentConditionalFeatures2(parentView, parentIndex);
}

final List<dynamic> styles$ComponentConditionalFeaturesHost = const [];

class _ViewComponentConditionalFeaturesHost0 extends AppView<import1.ComponentConditionalFeatures> {
  ViewComponentConditionalFeatures0 _compView_0;
  import1.ComponentConditionalFeatures _ComponentConditionalFeatures_0_5;
  _ViewComponentConditionalFeaturesHost0(AppView<dynamic> parentView, int parentIndex) : super(import3.ViewType.host, {}, parentView, parentIndex, ChangeDetectionStrategy.CheckAlways);
  @override
  ComponentRef<import1.ComponentConditionalFeatures> build() {
    _compView_0 = ViewComponentConditionalFeatures0(this, 0);
    rootEl = _compView_0.rootEl;
    _ComponentConditionalFeatures_0_5 = import1.ComponentConditionalFeatures();
    _compView_0.create(_ComponentConditionalFeatures_0_5, projectableNodes);
    init0(rootEl);
    return ComponentRef(0, this, rootEl, _ComponentConditionalFeatures_0_5);
  }

  @override
  void detectChangesInternal() {
    _compView_0.detectChanges();
  }

  @override
  void destroyInternal() {
    _compView_0?.destroy();
  }
}

AppView<import1.ComponentConditionalFeatures> viewFactory_ComponentConditionalFeaturesHost0(AppView<dynamic> parentView, int parentIndex) {
  return _ViewComponentConditionalFeaturesHost0(parentView, parentIndex);
}

final List<dynamic> styles$FeatureA = const [];

class ViewFeatureA0 extends AppView<import1.FeatureA> {
  static RenderComponentType _renderType;
  ViewFeatureA0(AppView<dynamic> parentView, int parentIndex) : super(import3.ViewType.component, {}, parentView, parentIndex, ChangeDetectionStrategy.CheckAlways) {
    rootEl = import5.document.createElement('feature-a');
    _renderType ??= import6.appViewUtils.createRenderType((import7.isDevMode ? 'asset:_goldens/test/_files/dart2js/dart2js_golden.dart' : null), ViewEncapsulation.None, styles$FeatureA);
    setupComponentType(_renderType);
  }
  @override
  ComponentRef<import1.FeatureA> build() {
    final _rootEl = rootEl;
    final import5.HtmlElement parentRenderNode = initViewRoot(_rootEl);
    final _text_0 = import5.Text('I am Feature A');
    parentRenderNode.append(_text_0);
    init(const [], null);
  }
}

AppView<import1.FeatureA> viewFactory_FeatureA0(AppView<dynamic> parentView, int parentIndex) {
  return ViewFeatureA0(parentView, parentIndex);
}

const ComponentFactory<import1.FeatureA> _FeatureANgFactory = const ComponentFactory('feature-a', viewFactory_FeatureAHost0);
ComponentFactory<import1.FeatureA> get FeatureANgFactory {
  return _FeatureANgFactory;
}

final List<dynamic> styles$FeatureAHost = const [];

class _ViewFeatureAHost0 extends AppView<import1.FeatureA> {
  ViewFeatureA0 _compView_0;
  import1.FeatureA _FeatureA_0_5;
  _ViewFeatureAHost0(AppView<dynamic> parentView, int parentIndex) : super(import3.ViewType.host, {}, parentView, parentIndex, ChangeDetectionStrategy.CheckAlways);
  @override
  ComponentRef<import1.FeatureA> build() {
    _compView_0 = ViewFeatureA0(this, 0);
    rootEl = _compView_0.rootEl;
    _FeatureA_0_5 = import1.FeatureA();
    _compView_0.create(_FeatureA_0_5, projectableNodes);
    init0(rootEl);
    return ComponentRef(0, this, rootEl, _FeatureA_0_5);
  }

  @override
  void detectChangesInternal() {
    _compView_0.detectChanges();
  }

  @override
  void destroyInternal() {
    _compView_0?.destroy();
  }
}

AppView<import1.FeatureA> viewFactory_FeatureAHost0(AppView<dynamic> parentView, int parentIndex) {
  return _ViewFeatureAHost0(parentView, parentIndex);
}

final List<dynamic> styles$FeatureB = const [];

class ViewFeatureB0 extends AppView<import1.FeatureB> {
  static RenderComponentType _renderType;
  ViewFeatureB0(AppView<dynamic> parentView, int parentIndex) : super(import3.ViewType.component, {}, parentView, parentIndex, ChangeDetectionStrategy.CheckAlways) {
    rootEl = import5.document.createElement('feature-b');
    _renderType ??= import6.appViewUtils.createRenderType((import7.isDevMode ? 'asset:_goldens/test/_files/dart2js/dart2js_golden.dart' : null), ViewEncapsulation.None, styles$FeatureB);
    setupComponentType(_renderType);
  }
  @override
  ComponentRef<import1.FeatureB> build() {
    final _rootEl = rootEl;
    final import5.HtmlElement parentRenderNode = initViewRoot(_rootEl);
    final _text_0 = import5.Text('I am Feature B');
    parentRenderNode.append(_text_0);
    init(const [], null);
  }
}

AppView<import1.FeatureB> viewFactory_FeatureB0(AppView<dynamic> parentView, int parentIndex) {
  return ViewFeatureB0(parentView, parentIndex);
}

const ComponentFactory<import1.FeatureB> _FeatureBNgFactory = const ComponentFactory('feature-b', viewFactory_FeatureBHost0);
ComponentFactory<import1.FeatureB> get FeatureBNgFactory {
  return _FeatureBNgFactory;
}

final List<dynamic> styles$FeatureBHost = const [];

class _ViewFeatureBHost0 extends AppView<import1.FeatureB> {
  ViewFeatureB0 _compView_0;
  import1.FeatureB _FeatureB_0_5;
  _ViewFeatureBHost0(AppView<dynamic> parentView, int parentIndex) : super(import3.ViewType.host, {}, parentView, parentIndex, ChangeDetectionStrategy.CheckAlways);
  @override
  ComponentRef<import1.FeatureB> build() {
    _compView_0 = ViewFeatureB0(this, 0);
    rootEl = _compView_0.rootEl;
    _FeatureB_0_5 = import1.FeatureB();
    _compView_0.create(_FeatureB_0_5, projectableNodes);
    init0(rootEl);
    return ComponentRef(0, this, rootEl, _FeatureB_0_5);
  }

  @override
  void detectChangesInternal() {
    _compView_0.detectChanges();
  }

  @override
  void destroyInternal() {
    _compView_0?.destroy();
  }
}

AppView<import1.FeatureB> viewFactory_FeatureBHost0(AppView<dynamic> parentView, int parentIndex) {
  return _ViewFeatureBHost0(parentView, parentIndex);
}

var _visited = false;
void initReflector() {
  if (_visited) {
    return;
  }
  _visited = true;

  _ngRef.registerComponent(RootComponent, RootComponentNgFactory);
  _ngRef.registerComponent(UsesDefaultChangeDetectionAndInput, UsesDefaultChangeDetectionAndInputNgFactory);
  _ngRef.registerComponent(DefaultChangeDetectionAndInput, DefaultChangeDetectionAndInputNgFactory);
  _ngRef.registerComponent(InlinedNgIf, InlinedNgIfNgFactory);
  _ngRef.registerComponent(EmbeddedNgIf, EmbeddedNgIfNgFactory);
  _ngRef.registerComponent(EmbeddedNgFor, EmbeddedNgForNgFactory);
  _ngRef.registerComponent(NullComponent, NullComponentNgFactory);
  _ngRef.registerComponent(InjectsFromArbitraryParent, InjectsFromArbitraryParentNgFactory);
  _ngRef.registerComponent(ComponentConditionalFeatures, ComponentConditionalFeaturesNgFactory);
  _ngRef.registerComponent(FeatureA, FeatureANgFactory);
  _ngRef.registerComponent(FeatureB, FeatureBNgFactory);
  _ref0.initReflector();
  _ref1.initReflector();
}
