// The .template.dart files also export the user code.
export 'directives.dart';

// Required for specifically referencing user code.
import 'directives.dart' as _user;

// Required for "type inference" (scoping).
import 'dart:collection' as collection_lib;
import 'package:angular/angular.dart';

// For @Directive class TestDirective.
class TestDirectiveNgCd extends DirectiveChangeDetector {
  external _user.TestDirective get instance;
  external void deliverChanges();
  external TestDirectiveNgCd(_user.TestDirective instance);
}
// For @Directive class TestDirectiveWithInputs.
class TestDirectiveWithInputsNgCd extends DirectiveChangeDetector {
  external _user.TestDirectiveWithInputs get instance;
  external void deliverChanges();
  external TestDirectiveWithInputsNgCd(_user.TestDirectiveWithInputs instance);
}

external void initReflector();
