// **************************************************************************
// Generator: AngularDart Compiler
// **************************************************************************

import 'component_loader_pattern.dart';
export 'component_loader_pattern.dart';
import 'package:angular/src/di/reflector.dart' as _ngRef;
import 'example_of_file_that_is_not_generated_yet.template.dart' as _ref0;
import 'package:angular/angular.template.dart' as _ref1;
import 'package:angular/di.template.dart' as _ref2;
import 'package:angular/src/core/linker/views/component_view.dart' as import0;
import 'component_loader_pattern.dart' as import1;
import 'package:angular/src/core/linker/style_encapsulation.dart' as import2;
import 'package:angular/src/core/linker/views/view.dart' as import3;
import 'package:angular/src/core/change_detection/change_detection.dart';
import 'dart:html' as import5;
import 'package:angular/src/runtime.dart' as import6;
import 'package:angular/angular.dart';
import 'package:angular/src/core/linker/views/host_view.dart' as import8;

final List<dynamic> styles$TestComponent = const [];

// View for component TestComponent in asset:_goldens/test/_files/component_loader_pattern.dart (changeDetection: Default)
class ViewTestComponent0 extends import0.ComponentView<import1.TestComponent> {
  static import2.ComponentStyles _componentStyles;
  ViewTestComponent0(import3.View parentView, int parentIndex) : super(parentView, parentIndex, ChangeDetectionStrategy.CheckAlways) {
    this.initComponentStyles();
    this.rootElement = import5.document.createElement('test');
  }
  static String get _debugComponentUrl {
    return (import6.isDevMode ? 'asset:_goldens/test/_files/component_loader_pattern.dart' : null);
  }

  @override
  void build() {
    final import5.HtmlElement parentRenderNode = this.initViewRoot();
  }

  static void _debugClearComponentStyles() {
    _componentStyles = null;
  }

  void initComponentStyles() {
    var styles = _componentStyles;
    if (identical(styles, null)) {
      _componentStyles = (styles = import2.ComponentStyles.unscoped(styles$TestComponent, _debugComponentUrl));
      if (import6.isDevMode) {
        import2.ComponentStyles.debugOnClear(_debugClearComponentStyles);
      }
    }
    this.componentStyles = styles;
  }
}

const ComponentFactory<import1.TestComponent> _TestComponentNgFactory = const ComponentFactory('test', viewFactory_TestComponentHost0);
ComponentFactory<import1.TestComponent> get TestComponentNgFactory {
  return _TestComponentNgFactory;
}

final List<dynamic> styles$TestComponentHost = const [];

// Host for component TestComponent in asset:_goldens/test/_files/component_loader_pattern.dart (changeDetection: Default)
class _ViewTestComponentHost0 extends import8.HostView<import1.TestComponent> {
  @override
  void build() {
    // Child component TestComponent in asset:_goldens/test/_files/component_loader_pattern.dart (changeDetection: Default)
    this.componentView = ViewTestComponent0(this, 0);
    final _el_0 = this.componentView.rootElement;
    this.component = import1.TestComponent();
    this.initRootNode(_el_0);
  }
}

import8.HostView<import1.TestComponent> viewFactory_TestComponentHost0() {
  return _ViewTestComponentHost0();
}

var _visited = false;
void initReflector() {
  if (_visited) {
    return;
  }
  _visited = true;

  _ngRef.registerComponent(TestComponent, TestComponentNgFactory);
  _ref0.initReflector();
  _ref1.initReflector();
  _ref2.initReflector();
}
