// **************************************************************************
// Generator: Instance of 'Compiler'
// **************************************************************************

// ignore_for_file: cancel_subscriptions,constant_identifier_names,duplicate_import,non_constant_identifier_names,library_prefixes,UNUSED_IMPORT,UNUSED_SHOWN_NAME
import 'inlined_ngif.dart';
export 'inlined_ngif.dart';
import 'package:angular/angular.dart';
import 'package:angular/src/di/reflector.dart' as _ngRef;
import 'package:angular/angular.template.dart' as _ref0;
import 'inlined_ngif.dart' as import0;
import 'dart:html' as import1;
import 'package:angular/src/core/linker/view_type.dart' as import2;
import 'package:angular/src/core/linker/app_view_utils.dart' as import3;
import 'package:angular/src/runtime.dart' as import4;

final List<dynamic> styles$InlinedNgIfComponent = const [];

class ViewInlinedNgIfComponent0 extends AppView<import0.InlinedNgIfComponent> {
  import1.Comment _anchor_0;
  import1.DivElement _el_0_0;
  import1.Text _text_0_1;
  bool _expr_0 = false;
  static RenderComponentType _renderType;
  ViewInlinedNgIfComponent0(AppView<dynamic> parentView, int parentIndex) : super(import2.ViewType.component, {}, parentView, parentIndex, ChangeDetectionStrategy.CheckAlways) {
    rootEl = import1.document.createElement('inlined-ngif');
    _renderType ??= import3.appViewUtils.createRenderType((import4.isDevMode ? 'asset:_goldens/test/_files/inlined_ngif.dart' : null), ViewEncapsulation.None, styles$InlinedNgIfComponent);
    setupComponentType(_renderType);
  }
  @override
  ComponentRef<import0.InlinedNgIfComponent> build() {
    final _rootEl = rootEl;
    final import1.HtmlElement parentRenderNode = initViewRoot(_rootEl);
    _anchor_0 = createViewContainerAnchor();
    parentRenderNode.append(_anchor_0);
    init([], null);
    return null;
  }

  @override
  void detectChangesInternal() {
    final import0.InlinedNgIfComponent _ctx = ctx;
    final currVal_0 = (_ctx.foo == true);
    if (import3.checkBinding(_expr_0, currVal_0)) {
      if (currVal_0) {
        var doc = import1.document;
        _el_0_0 = doc.createElement('div');
        _text_0_1 = import1.Text('Hello World!');
        _el_0_0.append(_text_0_1);
        addInlinedNodes(_anchor_0, [_el_0_0], true);
      } else {
        removeInlinedNodes([_el_0_0], true);
      }
      _expr_0 = currVal_0;
    }
  }
}

AppView<import0.InlinedNgIfComponent> viewFactory_InlinedNgIfComponent0(AppView<dynamic> parentView, int parentIndex) {
  return ViewInlinedNgIfComponent0(parentView, parentIndex);
}

final List<dynamic> styles$InlinedNgIfComponentHost = const [];

class _ViewInlinedNgIfComponentHost0 extends AppView<import0.InlinedNgIfComponent> {
  ViewInlinedNgIfComponent0 _compView_0;
  import0.InlinedNgIfComponent _InlinedNgIfComponent_0_5;
  _ViewInlinedNgIfComponentHost0(AppView<dynamic> parentView, int parentIndex) : super(import2.ViewType.host, {}, parentView, parentIndex, ChangeDetectionStrategy.CheckAlways);
  @override
  ComponentRef<import0.InlinedNgIfComponent> build() {
    _compView_0 = ViewInlinedNgIfComponent0(this, 0);
    rootEl = _compView_0.rootEl;
    _InlinedNgIfComponent_0_5 = import0.InlinedNgIfComponent();
    _compView_0.create(_InlinedNgIfComponent_0_5, projectableNodes);
    init0(rootEl);
    return ComponentRef(0, this, rootEl, _InlinedNgIfComponent_0_5);
  }

  @override
  void detectChangesInternal() {
    _compView_0.detectChanges();
  }

  @override
  void destroyInternal() {
    _compView_0?.destroy();
  }
}

AppView<import0.InlinedNgIfComponent> viewFactory_InlinedNgIfComponentHost0(AppView<dynamic> parentView, int parentIndex) {
  return _ViewInlinedNgIfComponentHost0(parentView, parentIndex);
}

const ComponentFactory<import0.InlinedNgIfComponent> _InlinedNgIfComponentNgFactory = const ComponentFactory('inlined-ngif', viewFactory_InlinedNgIfComponentHost0);
ComponentFactory<import0.InlinedNgIfComponent> get InlinedNgIfComponentNgFactory {
  return _InlinedNgIfComponentNgFactory;
}

final List<dynamic> styles$InlinedNgIfWithImmutableConditionComponent = const [];

class ViewInlinedNgIfWithImmutableConditionComponent0 extends AppView<import0.InlinedNgIfWithImmutableConditionComponent> {
  import1.Comment _anchor_0;
  import1.DivElement _el_0_0;
  import1.Text _text_0_1;
  static RenderComponentType _renderType;
  ViewInlinedNgIfWithImmutableConditionComponent0(AppView<dynamic> parentView, int parentIndex) : super(import2.ViewType.component, {}, parentView, parentIndex, ChangeDetectionStrategy.CheckAlways) {
    rootEl = import1.document.createElement('inlined-ngif-with-immutable-condition');
    _renderType ??= import3.appViewUtils.createRenderType((import4.isDevMode ? 'asset:_goldens/test/_files/inlined_ngif.dart' : null), ViewEncapsulation.None, styles$InlinedNgIfWithImmutableConditionComponent);
    setupComponentType(_renderType);
  }
  @override
  ComponentRef<import0.InlinedNgIfWithImmutableConditionComponent> build() {
    final _rootEl = rootEl;
    final import1.HtmlElement parentRenderNode = initViewRoot(_rootEl);
    _anchor_0 = createViewContainerAnchor();
    parentRenderNode.append(_anchor_0);
    init([], null);
    return null;
  }

  @override
  void detectChangesInternal() {
    final import0.InlinedNgIfWithImmutableConditionComponent _ctx = ctx;
    bool firstCheck = (this.cdState == 0);
    if (firstCheck) {
      if (!identical(_ctx.foo, null)) {
        if (_ctx.foo) {
          var doc = import1.document;
          _el_0_0 = doc.createElement('div');
          _text_0_1 = import1.Text('Hello World!');
          _el_0_0.append(_text_0_1);
          addInlinedNodes(_anchor_0, [_el_0_0], true);
        }
      }
    }
  }
}

AppView<import0.InlinedNgIfWithImmutableConditionComponent> viewFactory_InlinedNgIfWithImmutableConditionComponent0(AppView<dynamic> parentView, int parentIndex) {
  return ViewInlinedNgIfWithImmutableConditionComponent0(parentView, parentIndex);
}

final List<dynamic> styles$InlinedNgIfWithImmutableConditionComponentHost = const [];

class _ViewInlinedNgIfWithImmutableConditionComponentHost0 extends AppView<import0.InlinedNgIfWithImmutableConditionComponent> {
  ViewInlinedNgIfWithImmutableConditionComponent0 _compView_0;
  import0.InlinedNgIfWithImmutableConditionComponent _InlinedNgIfWithImmutableConditionComponent_0_5;
  _ViewInlinedNgIfWithImmutableConditionComponentHost0(AppView<dynamic> parentView, int parentIndex) : super(import2.ViewType.host, {}, parentView, parentIndex, ChangeDetectionStrategy.CheckAlways);
  @override
  ComponentRef<import0.InlinedNgIfWithImmutableConditionComponent> build() {
    _compView_0 = ViewInlinedNgIfWithImmutableConditionComponent0(this, 0);
    rootEl = _compView_0.rootEl;
    _InlinedNgIfWithImmutableConditionComponent_0_5 = import0.InlinedNgIfWithImmutableConditionComponent();
    _compView_0.create(_InlinedNgIfWithImmutableConditionComponent_0_5, projectableNodes);
    init0(rootEl);
    return ComponentRef(0, this, rootEl, _InlinedNgIfWithImmutableConditionComponent_0_5);
  }

  @override
  void detectChangesInternal() {
    _compView_0.detectChanges();
  }

  @override
  void destroyInternal() {
    _compView_0?.destroy();
  }
}

AppView<import0.InlinedNgIfWithImmutableConditionComponent> viewFactory_InlinedNgIfWithImmutableConditionComponentHost0(AppView<dynamic> parentView, int parentIndex) {
  return _ViewInlinedNgIfWithImmutableConditionComponentHost0(parentView, parentIndex);
}

const ComponentFactory<import0.InlinedNgIfWithImmutableConditionComponent> _InlinedNgIfWithImmutableConditionComponentNgFactory = const ComponentFactory('inlined-ngif-with-immutable-condition', viewFactory_InlinedNgIfWithImmutableConditionComponentHost0);
ComponentFactory<import0.InlinedNgIfWithImmutableConditionComponent> get InlinedNgIfWithImmutableConditionComponentNgFactory {
  return _InlinedNgIfWithImmutableConditionComponentNgFactory;
}

var _visited = false;
void initReflector() {
  if (_visited) {
    return;
  }
  _visited = true;

  _ngRef.registerComponent(InlinedNgIfComponent, InlinedNgIfComponentNgFactory);
  _ngRef.registerComponent(InlinedNgIfWithImmutableConditionComponent, InlinedNgIfWithImmutableConditionComponentNgFactory);
  _ref0.initReflector();
}
