// ignore_for_file: library_prefixes,unused_import,no_default_super_constructor_explicit,duplicate_import,unused_shown_name
// The .template.dart files also export the user code.
export 'inlined_ngif.dart';

// Required for referencing runtime code.
import 'dart:html';
import 'package:angular/angular.dart';
import 'package:angular/src/core/change_detection/directive_change_detector.dart';
import 'package:angular/src/core/linker/app_view.dart';

// Required for specifically referencing user code.
import 'inlined_ngif.dart' as _user;

// Required for "type inference" (scoping).
import 'package:angular/angular.dart';

// For @Component class InlinedNgIfComponent.
const List<dynamic> styles$InlinedNgIfComponent = const [];
external ComponentFactory get InlinedNgIfComponentNgFactory;
external AppView<_user.InlinedNgIfComponent> viewFactory_InlinedNgIfComponent0(AppView<dynamic> parentView, num parentIndex);
class ViewInlinedNgIfComponent0 extends AppView<_user.InlinedNgIfComponent> {
  external ViewInlinedNgIfComponent0(AppView<dynamic> parentView, num parentIndex);
}
// For @Component class InlinedNgIfWithImmutableConditionComponent.
const List<dynamic> styles$InlinedNgIfWithImmutableConditionComponent = const [];
external ComponentFactory get InlinedNgIfWithImmutableConditionComponentNgFactory;
external AppView<_user.InlinedNgIfWithImmutableConditionComponent> viewFactory_InlinedNgIfWithImmutableConditionComponent0(AppView<dynamic> parentView, num parentIndex);
class ViewInlinedNgIfWithImmutableConditionComponent0 extends AppView<_user.InlinedNgIfWithImmutableConditionComponent> {
  external ViewInlinedNgIfWithImmutableConditionComponent0(AppView<dynamic> parentView, num parentIndex);
}

external void initReflector();
