// **************************************************************************
// Generator: Instance of 'Compiler'
// **************************************************************************

// ignore_for_file: cancel_subscriptions,constant_identifier_names,duplicate_import,non_constant_identifier_names,library_prefixes,UNUSED_IMPORT,UNUSED_SHOWN_NAME
import 'queries.dart';
export 'queries.dart';
import 'dart:html';
import 'package:angular/angular.dart';
import 'package:angular/src/di/reflector.dart' as _ngRef;
import 'package:angular/angular.template.dart' as _ref0;
import 'package:angular/src/debug/debug_context.dart';
import 'queries.dart' as import1;
import 'package:angular/src/core/linker/template_ref.dart';
import 'package:angular/src/common/directives/ng_if.dart';
import 'package:angular/src/debug/debug_app_view.dart';
import 'package:angular/src/core/linker/query_list.dart' as import5;
import 'dart:html' as import6;
import 'package:angular/src/core/linker/view_container.dart';
import 'package:angular/src/core/render/api.dart';
import 'package:angular/src/core/linker/app_view.dart';
import 'package:angular/src/core/linker/view_type.dart' as import10;
import 'package:angular/src/core/change_detection/change_detection.dart';
import 'package:angular/src/core/linker/app_view_utils.dart' as import12;
import 'package:angular/angular.dart';
import 'package:angular/src/core/linker/element_ref.dart';
import 'package:angular/src/common/directives/ng_for.dart' as import15;

const List<dynamic> styles$QueriesComponent = const [];
List<StaticNodeDebugInfo> nodeDebugInfos_QueriesComponent0 = [
  new StaticNodeDebugInfo([import1.AnotherDirective], null, <String, dynamic>{'q1': null}),
  new StaticNodeDebugInfo([import1.AnotherDirective], null, <String, dynamic>{'q2': null}),
  new StaticNodeDebugInfo([TemplateRef, NgIf], null, <String, dynamic>{})
];

class ViewQueriesComponent0 extends DebugAppView<import1.QueriesComponent> {
  final import5.QueryList _viewQuery_q2_0 = new import5.QueryList();
  bool _query_q2_1_1_isDirty = true;
  bool _query_q2_1_2_isDirty = true;
  bool _query_q2_1_3_isDirty = true;
  bool _query_q2_1_4_isDirty = true;
  final import5.QueryList _viewQuery_AnotherDirective_5 = new import5.QueryList();
  import6.Element _el_0;
  import1.AnotherDirective _AnotherDirective_0_5;
  import6.Element _el_1;
  import1.AnotherDirective _AnotherDirective_1_5;
  ViewContainer _appEl_2;
  NgIf _NgIf_2_9;
  static RenderComponentType _renderType;
  ViewQueriesComponent0(AppView<dynamic> parentView, int parentIndex) : super(import10.ViewType.component, {}, parentView, parentIndex, ChangeDetectionStrategy.CheckAlways, nodeDebugInfos_QueriesComponent0) {
    rootEl = import6.document.createElement('queries');
    _renderType ??= import12.appViewUtils.createRenderType('asset:_goldens/test/_files/queries.dart class QueriesComponent - inline template', ViewEncapsulation.None, styles$QueriesComponent);
    setupComponentType(_renderType);
  }
  @override
  ComponentRef<import1.QueriesComponent> build() {
    final _rootEl = rootEl;
    final import6.HtmlElement parentRenderNode = initViewRoot(_rootEl);
    dbg(null, 0, 4);
    project(parentRenderNode, 0);
    var doc = import6.document;
    _el_0 = createAndAppendDbg(this, doc, 'another', parentRenderNode, 0, 1, 4);
    _AnotherDirective_0_5 = new import1.AnotherDirective();
    _el_1 = createAndAppendDbg(this, doc, 'another', parentRenderNode, 1, 2, 4);
    _AnotherDirective_1_5 = new import1.AnotherDirective();
    final _anchor_2 = createViewContainerAnchor();
    parentRenderNode.append(_anchor_2);
    dbgElm(this, _anchor_2, 2, 3, 17);
    _appEl_2 = new ViewContainer(2, null, this, _anchor_2);
    TemplateRef _TemplateRef_2_8 = new TemplateRef(_appEl_2, viewFactory_QueriesComponent1);
    _NgIf_2_9 = new NgIf(_appEl_2, _TemplateRef_2_8);
    ctx.viewChildFromField = new ElementRef(_el_1);
    ctx.readDIFromElementRef = new ElementRef(_el_1);
    ctx.readDIFromElement = _el_1;
    ctx.readDIFromHtmlElement = _el_1;
    init(const [], null, [_el_0, _el_1, _anchor_2]);
    return null;
  }

  @override
  void detectChangesInternal() {
    final import1.QueriesComponent _ctx = ctx;
    dbg(2, 3, 17);
    _NgIf_2_9.ngIf = _ctx.someValue;
    _appEl_2.detectChangesInNestedViews();
    if (!import12.AppViewUtils.throwOnChanges) {
      if (_viewQuery_q2_0.dirty) {
        _viewQuery_q2_0.reset([new ElementRef(_el_1)]);
        ctx.viewChildrenFromField = _viewQuery_q2_0;
        _viewQuery_q2_0.notifyOnChanges();
      }
      if (_viewQuery_AnotherDirective_5.dirty) {
        _viewQuery_AnotherDirective_5.reset([
          [_AnotherDirective_0_5],
          [_AnotherDirective_1_5],
          _appEl_2.mapNestedViews((_ViewQueriesComponent1 nestedView) {
            return [nestedView._AnotherDirective_0_5];
          })
        ]);
        ctx.usingTypeFromField = _viewQuery_AnotherDirective_5;
        _viewQuery_AnotherDirective_5.notifyOnChanges();
      }
    }
  }

  @override
  void destroyInternal() {
    _appEl_2?.destroyNestedViews();
  }
}

AppView<import1.QueriesComponent> viewFactory_QueriesComponent0(AppView<dynamic> parentView, int parentIndex) {
  return new ViewQueriesComponent0(parentView, parentIndex);
}

List<StaticNodeDebugInfo> nodeDebugInfos_QueriesComponent1 = [
  new StaticNodeDebugInfo([import1.AnotherDirective], null, <String, dynamic>{'q3': null})
];

class _ViewQueriesComponent1 extends DebugAppView<import1.QueriesComponent> {
  import6.Element _el_0;
  import1.AnotherDirective _AnotherDirective_0_5;
  _ViewQueriesComponent1(AppView<dynamic> parentView, int parentIndex) : super(import10.ViewType.embedded, {}, parentView, parentIndex, ChangeDetectionStrategy.CheckAlways, nodeDebugInfos_QueriesComponent1) {
    componentType = ViewQueriesComponent0._renderType;
  }
  @override
  ComponentRef<import1.QueriesComponent> build() {
    var doc = import6.document;
    _el_0 = doc.createElement('another');
    dbgElm(this, _el_0, 0, 3, 4);
    _AnotherDirective_0_5 = new import1.AnotherDirective();
    init0Dbg(_el_0, [_el_0]);
    return null;
  }

  @override
  void dirtyParentQueriesInternal() {
    (parentView as ViewQueriesComponent0)._viewQuery_AnotherDirective_5.setDirty();
  }
}

AppView<import1.QueriesComponent> viewFactory_QueriesComponent1(AppView<dynamic> parentView, int parentIndex) {
  return new _ViewQueriesComponent1(parentView, parentIndex);
}

const List<dynamic> styles$QueriesComponentHost = const [];
List<StaticNodeDebugInfo> nodeDebugInfos_QueriesComponentHost0 = [
  new StaticNodeDebugInfo([import1.QueriesComponent], import1.QueriesComponent, <String, dynamic>{})
];

class _ViewQueriesComponentHost0 extends DebugAppView<dynamic> {
  ViewQueriesComponent0 _compView_0;
  import1.QueriesComponent _QueriesComponent_0_5;
  final import5.QueryList _query_AnotherDirective_0_0 = new import5.QueryList();
  bool _query_AnotherDirective_0_1_isDirty = true;
  _ViewQueriesComponentHost0(AppView<dynamic> parentView, int parentIndex) : super(import10.ViewType.host, {}, parentView, parentIndex, ChangeDetectionStrategy.CheckAlways, nodeDebugInfos_QueriesComponentHost0);
  @override
  ComponentRef build() {
    _compView_0 = new ViewQueriesComponent0(this, 0);
    rootEl = _compView_0.rootEl;
    dbgIdx(rootEl, 0);
    _QueriesComponent_0_5 = new import1.QueriesComponent();
    _compView_0.create(_QueriesComponent_0_5, projectableNodes);
    init0Dbg(rootEl, [rootEl]);
    return new ComponentRef<import1.QueriesComponent>(0, this, rootEl, _QueriesComponent_0_5);
  }

  @override
  void detectChangesInternal() {
    if (!import12.AppViewUtils.throwOnChanges) {
      if (_query_AnotherDirective_0_0.dirty) {
        _query_AnotherDirective_0_0.reset([]);
        _QueriesComponent_0_5.contentChildrenFromField = _query_AnotherDirective_0_0;
        _query_AnotherDirective_0_0.notifyOnChanges();
      }
    }
    _compView_0.detectChanges();
  }

  @override
  void destroyInternal() {
    _compView_0?.destroy();
  }
}

AppView viewFactory_QueriesComponentHost0(AppView<dynamic> parentView, int parentIndex) {
  return new _ViewQueriesComponentHost0(parentView, parentIndex);
}

const ComponentFactory<import1.QueriesComponent> QueriesComponentNgFactory = const ComponentFactory<import1.QueriesComponent>('queries', viewFactory_QueriesComponentHost0, _QueriesComponentMetadata);
const List<dynamic> styles$EmbeddedQueries = const [];
List<StaticNodeDebugInfo> nodeDebugInfos_EmbeddedQueries0 = [
  new StaticNodeDebugInfo([import1.AnotherDirective], null, <String, dynamic>{}),
  new StaticNodeDebugInfo([TemplateRef], null, <String, dynamic>{}),
  new StaticNodeDebugInfo([TemplateRef], null, <String, dynamic>{})
];

class ViewEmbeddedQueries0 extends DebugAppView<import1.EmbeddedQueries> {
  final import5.QueryList _viewQuery_AnotherDirective_0 = new import5.QueryList();
  import6.Element _el_0;
  import1.AnotherDirective _AnotherDirective_0_5;
  ViewContainer _appEl_1;
  ViewContainer _appEl_2;
  static RenderComponentType _renderType;
  ViewEmbeddedQueries0(AppView<dynamic> parentView, int parentIndex) : super(import10.ViewType.component, {}, parentView, parentIndex, ChangeDetectionStrategy.CheckAlways, nodeDebugInfos_EmbeddedQueries0) {
    rootEl = import6.document.createElement('test');
    _renderType ??= import12.appViewUtils.createRenderType('asset:_goldens/test/_files/queries.dart class EmbeddedQueries - inline template', ViewEncapsulation.None, styles$EmbeddedQueries);
    setupComponentType(_renderType);
  }
  @override
  ComponentRef<import1.EmbeddedQueries> build() {
    final _rootEl = rootEl;
    final import6.HtmlElement parentRenderNode = initViewRoot(_rootEl);
    var doc = import6.document;
    _el_0 = createAndAppendDbg(this, doc, 'another', parentRenderNode, 0, 0, 4);
    _AnotherDirective_0_5 = new import1.AnotherDirective();
    final _anchor_1 = createViewContainerAnchor();
    parentRenderNode.append(_anchor_1);
    dbgElm(this, _anchor_1, 1, 1, 4);
    _appEl_1 = new ViewContainer(1, null, this, _anchor_1);
    TemplateRef _TemplateRef_1_7 = new TemplateRef(_appEl_1, viewFactory_EmbeddedQueries1);
    final _anchor_2 = createViewContainerAnchor();
    parentRenderNode.append(_anchor_2);
    dbgElm(this, _anchor_2, 2, 4, 4);
    _appEl_2 = new ViewContainer(2, null, this, _anchor_2);
    TemplateRef _TemplateRef_2_7 = new TemplateRef(_appEl_2, viewFactory_EmbeddedQueries2);
    init(const [], null, [_el_0, _anchor_1, _anchor_2]);
    return null;
  }

  @override
  void detectChangesInternal() {
    if (!import12.AppViewUtils.throwOnChanges) {
      if (_viewQuery_AnotherDirective_0.dirty) {
        _viewQuery_AnotherDirective_0.reset([
          [_AnotherDirective_0_5],
          _appEl_1.mapNestedViews((_ViewEmbeddedQueries1 nestedView) {
            return [nestedView._AnotherDirective_0_5];
          }),
          _appEl_2.mapNestedViews((_ViewEmbeddedQueries2 nestedView) {
            return [nestedView._AnotherDirective_0_5];
          })
        ]);
        ctx.viewChildren = _viewQuery_AnotherDirective_0;
        _viewQuery_AnotherDirective_0.notifyOnChanges();
      }
    }
  }
}

AppView<import1.EmbeddedQueries> viewFactory_EmbeddedQueries0(AppView<dynamic> parentView, int parentIndex) {
  return new ViewEmbeddedQueries0(parentView, parentIndex);
}

List<StaticNodeDebugInfo> nodeDebugInfos_EmbeddedQueries1 = [
  new StaticNodeDebugInfo([import1.AnotherDirective], null, <String, dynamic>{})
];

class _ViewEmbeddedQueries1 extends DebugAppView<import1.EmbeddedQueries> {
  import6.Element _el_0;
  import1.AnotherDirective _AnotherDirective_0_5;
  _ViewEmbeddedQueries1(AppView<dynamic> parentView, int parentIndex) : super(import10.ViewType.embedded, {}, parentView, parentIndex, ChangeDetectionStrategy.CheckAlways, nodeDebugInfos_EmbeddedQueries1) {
    componentType = ViewEmbeddedQueries0._renderType;
  }
  @override
  ComponentRef<import1.EmbeddedQueries> build() {
    var doc = import6.document;
    _el_0 = doc.createElement('another');
    dbgElm(this, _el_0, 0, 2, 6);
    _AnotherDirective_0_5 = new import1.AnotherDirective();
    init0Dbg(_el_0, [_el_0]);
    return null;
  }

  @override
  void dirtyParentQueriesInternal() {
    (parentView as ViewEmbeddedQueries0)._viewQuery_AnotherDirective_0.setDirty();
  }
}

AppView<import1.EmbeddedQueries> viewFactory_EmbeddedQueries1(AppView<dynamic> parentView, int parentIndex) {
  return new _ViewEmbeddedQueries1(parentView, parentIndex);
}

List<StaticNodeDebugInfo> nodeDebugInfos_EmbeddedQueries2 = [
  new StaticNodeDebugInfo([import1.AnotherDirective], null, <String, dynamic>{})
];

class _ViewEmbeddedQueries2 extends DebugAppView<import1.EmbeddedQueries> {
  import6.Element _el_0;
  import1.AnotherDirective _AnotherDirective_0_5;
  _ViewEmbeddedQueries2(AppView<dynamic> parentView, int parentIndex) : super(import10.ViewType.embedded, {}, parentView, parentIndex, ChangeDetectionStrategy.CheckAlways, nodeDebugInfos_EmbeddedQueries2) {
    componentType = ViewEmbeddedQueries0._renderType;
  }
  @override
  ComponentRef<import1.EmbeddedQueries> build() {
    var doc = import6.document;
    _el_0 = doc.createElement('another');
    dbgElm(this, _el_0, 0, 5, 6);
    _AnotherDirective_0_5 = new import1.AnotherDirective();
    init0Dbg(_el_0, [_el_0]);
    return null;
  }

  @override
  void dirtyParentQueriesInternal() {
    (parentView as ViewEmbeddedQueries0)._viewQuery_AnotherDirective_0.setDirty();
  }
}

AppView<import1.EmbeddedQueries> viewFactory_EmbeddedQueries2(AppView<dynamic> parentView, int parentIndex) {
  return new _ViewEmbeddedQueries2(parentView, parentIndex);
}

const List<dynamic> styles$EmbeddedQueriesHost = const [];
List<StaticNodeDebugInfo> nodeDebugInfos_EmbeddedQueriesHost0 = [
  new StaticNodeDebugInfo([import1.EmbeddedQueries], import1.EmbeddedQueries, <String, dynamic>{})
];

class _ViewEmbeddedQueriesHost0 extends DebugAppView<dynamic> {
  ViewEmbeddedQueries0 _compView_0;
  import1.EmbeddedQueries _EmbeddedQueries_0_5;
  _ViewEmbeddedQueriesHost0(AppView<dynamic> parentView, int parentIndex) : super(import10.ViewType.host, {}, parentView, parentIndex, ChangeDetectionStrategy.CheckAlways, nodeDebugInfos_EmbeddedQueriesHost0);
  @override
  ComponentRef build() {
    _compView_0 = new ViewEmbeddedQueries0(this, 0);
    rootEl = _compView_0.rootEl;
    dbgIdx(rootEl, 0);
    _EmbeddedQueries_0_5 = new import1.EmbeddedQueries();
    _compView_0.create(_EmbeddedQueries_0_5, projectableNodes);
    init0Dbg(rootEl, [rootEl]);
    return new ComponentRef<import1.EmbeddedQueries>(0, this, rootEl, _EmbeddedQueries_0_5);
  }

  @override
  void detectChangesInternal() {
    _compView_0.detectChanges();
  }

  @override
  void destroyInternal() {
    _compView_0?.destroy();
  }
}

AppView viewFactory_EmbeddedQueriesHost0(AppView<dynamic> parentView, int parentIndex) {
  return new _ViewEmbeddedQueriesHost0(parentView, parentIndex);
}

const ComponentFactory<import1.EmbeddedQueries> EmbeddedQueriesNgFactory = const ComponentFactory<import1.EmbeddedQueries>('test', viewFactory_EmbeddedQueriesHost0, _EmbeddedQueriesMetadata);
const List<dynamic> styles$EmbeddedQueriesList = const [];
List<StaticNodeDebugInfo> nodeDebugInfos_EmbeddedQueriesList0 = [
  new StaticNodeDebugInfo([import1.AnotherDirective], null, <String, dynamic>{}),
  new StaticNodeDebugInfo([TemplateRef], null, <String, dynamic>{}),
  new StaticNodeDebugInfo([TemplateRef], null, <String, dynamic>{})
];

class ViewEmbeddedQueriesList0 extends DebugAppView<import1.EmbeddedQueriesList> {
  bool _query_AnotherDirective_1_0_isDirty = true;
  import6.Element _el_0;
  import1.AnotherDirective _AnotherDirective_0_5;
  ViewContainer _appEl_1;
  ViewContainer _appEl_2;
  static RenderComponentType _renderType;
  ViewEmbeddedQueriesList0(AppView<dynamic> parentView, int parentIndex) : super(import10.ViewType.component, {}, parentView, parentIndex, ChangeDetectionStrategy.CheckAlways, nodeDebugInfos_EmbeddedQueriesList0) {
    rootEl = import6.document.createElement('test');
    _renderType ??= import12.appViewUtils.createRenderType('asset:_goldens/test/_files/queries.dart class EmbeddedQueriesList - inline template', ViewEncapsulation.None, styles$EmbeddedQueriesList);
    setupComponentType(_renderType);
  }
  @override
  ComponentRef<import1.EmbeddedQueriesList> build() {
    final _rootEl = rootEl;
    final import6.HtmlElement parentRenderNode = initViewRoot(_rootEl);
    var doc = import6.document;
    _el_0 = createAndAppendDbg(this, doc, 'another', parentRenderNode, 0, 0, 4);
    _AnotherDirective_0_5 = new import1.AnotherDirective();
    final _anchor_1 = createViewContainerAnchor();
    parentRenderNode.append(_anchor_1);
    dbgElm(this, _anchor_1, 1, 1, 4);
    _appEl_1 = new ViewContainer(1, null, this, _anchor_1);
    TemplateRef _TemplateRef_1_7 = new TemplateRef(_appEl_1, viewFactory_EmbeddedQueriesList1);
    final _anchor_2 = createViewContainerAnchor();
    parentRenderNode.append(_anchor_2);
    dbgElm(this, _anchor_2, 2, 4, 4);
    _appEl_2 = new ViewContainer(2, null, this, _anchor_2);
    TemplateRef _TemplateRef_2_7 = new TemplateRef(_appEl_2, viewFactory_EmbeddedQueriesList2);
    init(const [], null, [_el_0, _anchor_1, _anchor_2]);
    return null;
  }

  @override
  void detectChangesInternal() {
    if (!import12.AppViewUtils.throwOnChanges) {
      if (_query_AnotherDirective_1_0_isDirty) {
        ctx.viewChildren = import12.flattenNodes([
          [_AnotherDirective_0_5],
          _appEl_1.mapNestedViews((_ViewEmbeddedQueriesList1 nestedView) {
            return [nestedView._AnotherDirective_0_5];
          }),
          _appEl_2.mapNestedViews((_ViewEmbeddedQueriesList2 nestedView) {
            return [nestedView._AnotherDirective_0_5];
          })
        ]);
        _query_AnotherDirective_1_0_isDirty = false;
      }
    }
  }
}

AppView<import1.EmbeddedQueriesList> viewFactory_EmbeddedQueriesList0(AppView<dynamic> parentView, int parentIndex) {
  return new ViewEmbeddedQueriesList0(parentView, parentIndex);
}

List<StaticNodeDebugInfo> nodeDebugInfos_EmbeddedQueriesList1 = [
  new StaticNodeDebugInfo([import1.AnotherDirective], null, <String, dynamic>{})
];

class _ViewEmbeddedQueriesList1 extends DebugAppView<import1.EmbeddedQueriesList> {
  import6.Element _el_0;
  import1.AnotherDirective _AnotherDirective_0_5;
  _ViewEmbeddedQueriesList1(AppView<dynamic> parentView, int parentIndex) : super(import10.ViewType.embedded, {}, parentView, parentIndex, ChangeDetectionStrategy.CheckAlways, nodeDebugInfos_EmbeddedQueriesList1) {
    componentType = ViewEmbeddedQueriesList0._renderType;
  }
  @override
  ComponentRef<import1.EmbeddedQueriesList> build() {
    var doc = import6.document;
    _el_0 = doc.createElement('another');
    dbgElm(this, _el_0, 0, 2, 6);
    _AnotherDirective_0_5 = new import1.AnotherDirective();
    init0Dbg(_el_0, [_el_0]);
    return null;
  }

  @override
  void dirtyParentQueriesInternal() {
    (parentView as ViewEmbeddedQueriesList0)._query_AnotherDirective_1_0_isDirty = true;
  }
}

AppView<import1.EmbeddedQueriesList> viewFactory_EmbeddedQueriesList1(AppView<dynamic> parentView, int parentIndex) {
  return new _ViewEmbeddedQueriesList1(parentView, parentIndex);
}

List<StaticNodeDebugInfo> nodeDebugInfos_EmbeddedQueriesList2 = [
  new StaticNodeDebugInfo([import1.AnotherDirective], null, <String, dynamic>{})
];

class _ViewEmbeddedQueriesList2 extends DebugAppView<import1.EmbeddedQueriesList> {
  import6.Element _el_0;
  import1.AnotherDirective _AnotherDirective_0_5;
  _ViewEmbeddedQueriesList2(AppView<dynamic> parentView, int parentIndex) : super(import10.ViewType.embedded, {}, parentView, parentIndex, ChangeDetectionStrategy.CheckAlways, nodeDebugInfos_EmbeddedQueriesList2) {
    componentType = ViewEmbeddedQueriesList0._renderType;
  }
  @override
  ComponentRef<import1.EmbeddedQueriesList> build() {
    var doc = import6.document;
    _el_0 = doc.createElement('another');
    dbgElm(this, _el_0, 0, 5, 6);
    _AnotherDirective_0_5 = new import1.AnotherDirective();
    init0Dbg(_el_0, [_el_0]);
    return null;
  }

  @override
  void dirtyParentQueriesInternal() {
    (parentView as ViewEmbeddedQueriesList0)._query_AnotherDirective_1_0_isDirty = true;
  }
}

AppView<import1.EmbeddedQueriesList> viewFactory_EmbeddedQueriesList2(AppView<dynamic> parentView, int parentIndex) {
  return new _ViewEmbeddedQueriesList2(parentView, parentIndex);
}

const List<dynamic> styles$EmbeddedQueriesListHost = const [];
List<StaticNodeDebugInfo> nodeDebugInfos_EmbeddedQueriesListHost0 = [
  new StaticNodeDebugInfo([import1.EmbeddedQueriesList], import1.EmbeddedQueriesList, <String, dynamic>{})
];

class _ViewEmbeddedQueriesListHost0 extends DebugAppView<dynamic> {
  ViewEmbeddedQueriesList0 _compView_0;
  import1.EmbeddedQueriesList _EmbeddedQueriesList_0_5;
  _ViewEmbeddedQueriesListHost0(AppView<dynamic> parentView, int parentIndex) : super(import10.ViewType.host, {}, parentView, parentIndex, ChangeDetectionStrategy.CheckAlways, nodeDebugInfos_EmbeddedQueriesListHost0);
  @override
  ComponentRef build() {
    _compView_0 = new ViewEmbeddedQueriesList0(this, 0);
    rootEl = _compView_0.rootEl;
    dbgIdx(rootEl, 0);
    _EmbeddedQueriesList_0_5 = new import1.EmbeddedQueriesList();
    _compView_0.create(_EmbeddedQueriesList_0_5, projectableNodes);
    init0Dbg(rootEl, [rootEl]);
    return new ComponentRef<import1.EmbeddedQueriesList>(0, this, rootEl, _EmbeddedQueriesList_0_5);
  }

  @override
  void detectChangesInternal() {
    _compView_0.detectChanges();
  }

  @override
  void destroyInternal() {
    _compView_0?.destroy();
  }
}

AppView viewFactory_EmbeddedQueriesListHost0(AppView<dynamic> parentView, int parentIndex) {
  return new _ViewEmbeddedQueriesListHost0(parentView, parentIndex);
}

const ComponentFactory<import1.EmbeddedQueriesList> EmbeddedQueriesListNgFactory = const ComponentFactory<import1.EmbeddedQueriesList>('test', viewFactory_EmbeddedQueriesListHost0, _EmbeddedQueriesListMetadata);
const List<dynamic> styles$NestedNgForQueriesList = const [];
List<StaticNodeDebugInfo> nodeDebugInfos_NestedNgForQueriesList0 = [
  new StaticNodeDebugInfo([TemplateRef, NgIf], null, <String, dynamic>{})
];

class ViewNestedNgForQueriesList0 extends DebugAppView<import1.NestedNgForQueriesList> {
  bool _query_taggedItem_1_0_isDirty = true;
  ViewContainer _appEl_0;
  NgIf _NgIf_0_9;
  static RenderComponentType _renderType;
  ViewNestedNgForQueriesList0(AppView<dynamic> parentView, int parentIndex) : super(import10.ViewType.component, {}, parentView, parentIndex, ChangeDetectionStrategy.CheckAlways, nodeDebugInfos_NestedNgForQueriesList0) {
    rootEl = import6.document.createElement('test');
    _renderType ??= import12.appViewUtils.createRenderType('asset:_goldens/test/_files/queries.dart class NestedNgForQueriesList - inline template', ViewEncapsulation.None, styles$NestedNgForQueriesList);
    setupComponentType(_renderType);
  }
  @override
  ComponentRef<import1.NestedNgForQueriesList> build() {
    final _rootEl = rootEl;
    final import6.HtmlElement parentRenderNode = initViewRoot(_rootEl);
    final _anchor_0 = createViewContainerAnchor();
    parentRenderNode.append(_anchor_0);
    dbgElm(this, _anchor_0, 0, 0, 9);
    _appEl_0 = new ViewContainer(0, null, this, _anchor_0);
    TemplateRef _TemplateRef_0_8 = new TemplateRef(_appEl_0, viewFactory_NestedNgForQueriesList1);
    _NgIf_0_9 = new NgIf(_appEl_0, _TemplateRef_0_8);
    init(const [], null, [_anchor_0]);
    return null;
  }

  @override
  void detectChangesInternal() {
    final import1.NestedNgForQueriesList _ctx = ctx;
    dbg(0, 0, 9);
    _NgIf_0_9.ngIf = _ctx.conditionA;
    _appEl_0.detectChangesInNestedViews();
    if (!import12.AppViewUtils.throwOnChanges) {
      if (_query_taggedItem_1_0_isDirty) {
        ctx.taggedItems = _appEl_0.mapNestedViews((_ViewNestedNgForQueriesList1 nestedView) {
          return nestedView._appEl_1.mapNestedViews((_ViewNestedNgForQueriesList2 nestedView) {
            return nestedView._appEl_1.mapNestedViews((_ViewNestedNgForQueriesList3 nestedView) {
              return [new ElementRef(nestedView._el_0)];
            });
          });
        });
        _query_taggedItem_1_0_isDirty = false;
      }
    }
  }

  @override
  void destroyInternal() {
    _appEl_0?.destroyNestedViews();
  }
}

AppView<import1.NestedNgForQueriesList> viewFactory_NestedNgForQueriesList0(AppView<dynamic> parentView, int parentIndex) {
  return new ViewNestedNgForQueriesList0(parentView, parentIndex);
}

List<StaticNodeDebugInfo> nodeDebugInfos_NestedNgForQueriesList1 = [
  null,
  new StaticNodeDebugInfo([TemplateRef, NgIf], null, <String, dynamic>{})
];

class _ViewNestedNgForQueriesList1 extends DebugAppView<import1.NestedNgForQueriesList> {
  import6.DivElement _el_0;
  ViewContainer _appEl_1;
  NgIf _NgIf_1_9;
  _ViewNestedNgForQueriesList1(AppView<dynamic> parentView, int parentIndex) : super(import10.ViewType.embedded, {}, parentView, parentIndex, ChangeDetectionStrategy.CheckAlways, nodeDebugInfos_NestedNgForQueriesList1) {
    componentType = ViewNestedNgForQueriesList0._renderType;
  }
  @override
  ComponentRef<import1.NestedNgForQueriesList> build() {
    var doc = import6.document;
    _el_0 = doc.createElement('div');
    dbgElm(this, _el_0, 0, 0, 4);
    final _anchor_1 = createViewContainerAnchor();
    _el_0.append(_anchor_1);
    dbgElm(this, _anchor_1, 1, 1, 11);
    _appEl_1 = new ViewContainer(1, 0, this, _anchor_1);
    TemplateRef _TemplateRef_1_8 = new TemplateRef(_appEl_1, viewFactory_NestedNgForQueriesList2);
    _NgIf_1_9 = new NgIf(_appEl_1, _TemplateRef_1_8);
    init0Dbg(_el_0, [_el_0, _anchor_1]);
    return null;
  }

  @override
  void detectChangesInternal() {
    final import1.NestedNgForQueriesList _ctx = ctx;
    dbg(1, 1, 11);
    _NgIf_1_9.ngIf = _ctx.conditionB;
    _appEl_1.detectChangesInNestedViews();
  }

  @override
  void destroyInternal() {
    _appEl_1?.destroyNestedViews();
  }
}

AppView<import1.NestedNgForQueriesList> viewFactory_NestedNgForQueriesList1(AppView<dynamic> parentView, int parentIndex) {
  return new _ViewNestedNgForQueriesList1(parentView, parentIndex);
}

List<StaticNodeDebugInfo> nodeDebugInfos_NestedNgForQueriesList2 = [
  null,
  new StaticNodeDebugInfo([TemplateRef, import15.NgFor], null, <String, dynamic>{})
];

class _ViewNestedNgForQueriesList2 extends DebugAppView<import1.NestedNgForQueriesList> {
  import6.DivElement _el_0;
  ViewContainer _appEl_1;
  import15.NgFor _NgFor_1_9;
  _ViewNestedNgForQueriesList2(AppView<dynamic> parentView, int parentIndex) : super(import10.ViewType.embedded, {}, parentView, parentIndex, ChangeDetectionStrategy.CheckAlways, nodeDebugInfos_NestedNgForQueriesList2) {
    componentType = ViewNestedNgForQueriesList0._renderType;
  }
  @override
  ComponentRef<import1.NestedNgForQueriesList> build() {
    var doc = import6.document;
    _el_0 = doc.createElement('div');
    dbgElm(this, _el_0, 0, 1, 6);
    final _anchor_1 = createViewContainerAnchor();
    _el_0.append(_anchor_1);
    dbgElm(this, _anchor_1, 1, 2, 13);
    _appEl_1 = new ViewContainer(1, 0, this, _anchor_1);
    TemplateRef _TemplateRef_1_8 = new TemplateRef(_appEl_1, viewFactory_NestedNgForQueriesList3);
    _NgFor_1_9 = new import15.NgFor(_appEl_1, _TemplateRef_1_8);
    init0Dbg(_el_0, [_el_0, _anchor_1]);
    return null;
  }

  @override
  void detectChangesInternal() {
    final import1.NestedNgForQueriesList _ctx = ctx;
    bool firstCheck = (this.cdState == 0);
    if (firstCheck) {
      if (!identical(_ctx.items, null)) {
        (_NgFor_1_9.ngForOf = _ctx.items);
      }
    }
    if (!import12.AppViewUtils.throwOnChanges) {
      _NgFor_1_9.ngDoCheck();
    }
    _appEl_1.detectChangesInNestedViews();
  }

  @override
  void destroyInternal() {
    _appEl_1?.destroyNestedViews();
  }
}

AppView<import1.NestedNgForQueriesList> viewFactory_NestedNgForQueriesList2(AppView<dynamic> parentView, int parentIndex) {
  return new _ViewNestedNgForQueriesList2(parentView, parentIndex);
}

List<StaticNodeDebugInfo> nodeDebugInfos_NestedNgForQueriesList3 = [
  new StaticNodeDebugInfo([], null, <String, dynamic>{'taggedItem': null}),
  new StaticNodeDebugInfo([import1.AnotherDirective], null, <String, dynamic>{})
];

class _ViewNestedNgForQueriesList3 extends DebugAppView<import1.NestedNgForQueriesList> {
  import6.DivElement _el_0;
  import6.Element _el_1;
  import1.AnotherDirective _AnotherDirective_1_5;
  _ViewNestedNgForQueriesList3(AppView<dynamic> parentView, int parentIndex) : super(import10.ViewType.embedded, {'\$implicit': null}, parentView, parentIndex, ChangeDetectionStrategy.CheckAlways, nodeDebugInfos_NestedNgForQueriesList3) {
    componentType = ViewNestedNgForQueriesList0._renderType;
  }
  @override
  ComponentRef<import1.NestedNgForQueriesList> build() {
    var doc = import6.document;
    _el_0 = doc.createElement('div');
    dbgElm(this, _el_0, 0, 2, 8);
    _el_1 = createAndAppendDbg(this, doc, 'another', _el_0, 1, 3, 10);
    _AnotherDirective_1_5 = new import1.AnotherDirective();
    init0Dbg(_el_0, [_el_0, _el_1]);
    return null;
  }

  @override
  void dirtyParentQueriesInternal() {
    (parentView.parentView.parentView as ViewNestedNgForQueriesList0)._query_taggedItem_1_0_isDirty = true;
  }
}

AppView<import1.NestedNgForQueriesList> viewFactory_NestedNgForQueriesList3(AppView<dynamic> parentView, int parentIndex) {
  return new _ViewNestedNgForQueriesList3(parentView, parentIndex);
}

const List<dynamic> styles$NestedNgForQueriesListHost = const [];
List<StaticNodeDebugInfo> nodeDebugInfos_NestedNgForQueriesListHost0 = [
  new StaticNodeDebugInfo([import1.NestedNgForQueriesList], import1.NestedNgForQueriesList, <String, dynamic>{})
];

class _ViewNestedNgForQueriesListHost0 extends DebugAppView<dynamic> {
  ViewNestedNgForQueriesList0 _compView_0;
  import1.NestedNgForQueriesList _NestedNgForQueriesList_0_5;
  _ViewNestedNgForQueriesListHost0(AppView<dynamic> parentView, int parentIndex) : super(import10.ViewType.host, {}, parentView, parentIndex, ChangeDetectionStrategy.CheckAlways, nodeDebugInfos_NestedNgForQueriesListHost0);
  @override
  ComponentRef build() {
    _compView_0 = new ViewNestedNgForQueriesList0(this, 0);
    rootEl = _compView_0.rootEl;
    dbgIdx(rootEl, 0);
    _NestedNgForQueriesList_0_5 = new import1.NestedNgForQueriesList();
    _compView_0.create(_NestedNgForQueriesList_0_5, projectableNodes);
    init0Dbg(rootEl, [rootEl]);
    return new ComponentRef<import1.NestedNgForQueriesList>(0, this, rootEl, _NestedNgForQueriesList_0_5);
  }

  @override
  void detectChangesInternal() {
    _compView_0.detectChanges();
  }

  @override
  void destroyInternal() {
    _compView_0?.destroy();
  }
}

AppView viewFactory_NestedNgForQueriesListHost0(AppView<dynamic> parentView, int parentIndex) {
  return new _ViewNestedNgForQueriesListHost0(parentView, parentIndex);
}

const ComponentFactory<import1.NestedNgForQueriesList> NestedNgForQueriesListNgFactory = const ComponentFactory<import1.NestedNgForQueriesList>('test', viewFactory_NestedNgForQueriesListHost0, _NestedNgForQueriesListMetadata);
const _QueriesComponentMetadata = const [];
const _EmbeddedQueriesMetadata = const [];
const _EmbeddedQueriesListMetadata = const [];
const _NestedNgForQueriesListMetadata = const [];
var _visited = false;
void initReflector() {
  if (_visited) {
    return;
  }
  _visited = true;

  _ngRef.registerComponent(QueriesComponent, QueriesComponentNgFactory);
  _ngRef.registerComponent(EmbeddedQueries, EmbeddedQueriesNgFactory);
  _ngRef.registerComponent(EmbeddedQueriesList, EmbeddedQueriesListNgFactory);
  _ngRef.registerComponent(NestedNgForQueriesList, NestedNgForQueriesListNgFactory);
  _ref0.initReflector();
}
