[
  {
    "class": "NormalizedComponentWithViewDirectives",
    "component": {
      "class": "Directive",
      "isComponent": true,
      "selector": "test-injectables",
      "exportAs": null,
      "type": {
        "class": "Type",
        "name": "InjectableComponent",
        "moduleUrl": "asset:angular2/test/source_gen/template_compiler/test_files/injectables.dart",
        "prefix": null,
        "isHost": false,
        "value": null,
        "diDeps": [
          {
            "token": {
              "value": "baseService",
              "identifier": null,
              "identifierIsInstance": false
            },
            "value": null,
            "isAttribute": true,
            "isSelf": false,
            "isHost": false,
            "isSkipSelf": false,
            "isOptional": true,
            "isValue": false
          },
          {
            "token": {
              "value": null,
              "identifier": {
                "class": "Identifier",
                "name": "InjectableService",
                "moduleUrl": "asset:angular2/test/source_gen/template_compiler/test_files/injectables.dart",
                "prefix": null,
                "value": null
              },
              "identifierIsInstance": false
            },
            "value": null,
            "isAttribute": false,
            "isSelf": false,
            "isHost": false,
            "isSkipSelf": false,
            "isOptional": true,
            "isValue": false
          },
          {
            "token": {
              "value": "const OpaqueToken('test')",
              "identifier": null,
              "identifierIsInstance": false
            },
            "value": null,
            "isAttribute": false,
            "isSelf": false,
            "isHost": false,
            "isSkipSelf": false,
            "isOptional": false,
            "isValue": false
          }
        ]
      },
      "changeDetection": 6,
      "inputs": {},
      "inputTypes": {},
      "outputs": {},
      "hostListeners": {},
      "hostProperties": {},
      "hostAttributes": {},
      "lifecycleHooks": [],
      "template": {
        "encapsulation": 0,
        "template": "<div>Inject!</div>",
        "templateUrl": null,
        "styles": [],
        "styleUrls": [],
        "ngContentSelectors": []
      },
      "providers": [
        {
          "class": "Provider",
          "token": {
            "value": "const OpaqueToken('test')",
            "identifier": null,
            "identifierIsInstance": false
          },
          "useClass": null,
          "useExisting": null,
          "useValue": null,
          "useFactory": {
            "class": "Factory",
            "name": "injectableFactory",
            "prefix": null,
            "moduleUrl": "asset:angular2/test/source_gen/template_compiler/test_files/injectables.dart",
            "value": null,
            "diDeps": [
              {
                "token": {
                  "value": null,
                  "identifier": {
                    "class": "Identifier",
                    "name": "Window",
                    "moduleUrl": "dart:html",
                    "prefix": null,
                    "value": null
                  },
                  "identifierIsInstance": false
                },
                "value": null,
                "isAttribute": false,
                "isSelf": false,
                "isHost": false,
                "isSkipSelf": false,
                "isOptional": false,
                "isValue": false
              }
            ]
          },
          "useProperty": null,
          "multi": false,
          "deps": null
        },
        {
          "class": "Provider",
          "token": {
            "value": null,
            "identifier": {
              "class": "Identifier",
              "name": "SomeDep",
              "moduleUrl": "asset:angular2/test/source_gen/template_compiler/test_files/injectables.dart",
              "prefix": null,
              "value": null
            },
            "identifierIsInstance": false
          },
          "useClass": null,
          "useExisting": null,
          "useValue": null,
          "useFactory": {
            "class": "Factory",
            "name": "createLinkedHashMap",
            "prefix": null,
            "moduleUrl": "asset:angular2/test/source_gen/template_compiler/test_files/injectables.dart",
            "value": null,
            "diDeps": [
              {
                "token": {
                  "value": "const OpaqueToken('test')",
                  "identifier": null,
                  "identifierIsInstance": false
                },
                "value": null,
                "isAttribute": false,
                "isSelf": false,
                "isHost": false,
                "isSkipSelf": false,
                "isOptional": false,
                "isValue": false
              }
            ]
          },
          "useProperty": null,
          "multi": false,
          "deps": null
        },
        {
          "class": "Provider",
          "token": {
            "value": null,
            "identifier": {
              "class": "Identifier",
              "name": "BaseService",
              "moduleUrl": "asset:angular2/test/source_gen/template_compiler/test_files/injectables.dart",
              "prefix": null,
              "value": null
            },
            "identifierIsInstance": false
          },
          "useClass": null,
          "useExisting": null,
          "useValue": null,
          "useFactory": {
            "class": "Factory",
            "name": "createLinkedHashMap",
            "prefix": null,
            "moduleUrl": "asset:angular2/test/source_gen/template_compiler/test_files/injectables.dart",
            "value": null,
            "diDeps": [
              {
                "token": {
                  "value": null,
                  "identifier": {
                    "class": "Identifier",
                    "name": "SomeDep",
                    "moduleUrl": "asset:angular2/test/source_gen/template_compiler/test_files/injectables.dart",
                    "prefix": null,
                    "value": null
                  },
                  "identifierIsInstance": false
                },
                "value": null,
                "isAttribute": false,
                "isSelf": true,
                "isHost": false,
                "isSkipSelf": false,
                "isOptional": false,
                "isValue": false
              },
              {
                "token": {
                  "value": null,
                  "identifier": {
                    "class": "Identifier",
                    "name": "SomeDep",
                    "moduleUrl": "asset:angular2/test/source_gen/template_compiler/test_files/injectables.dart",
                    "prefix": null,
                    "value": null
                  },
                  "identifierIsInstance": false
                },
                "value": null,
                "isAttribute": false,
                "isSelf": false,
                "isHost": false,
                "isSkipSelf": true,
                "isOptional": false,
                "isValue": false
              },
              {
                "token": {
                  "value": null,
                  "identifier": {
                    "class": "Identifier",
                    "name": "SomeDep",
                    "moduleUrl": "asset:angular2/test/source_gen/template_compiler/test_files/injectables.dart",
                    "prefix": null,
                    "value": null
                  },
                  "identifierIsInstance": false
                },
                "value": null,
                "isAttribute": false,
                "isSelf": false,
                "isHost": false,
                "isSkipSelf": false,
                "isOptional": true,
                "isValue": false
              }
            ]
          },
          "useProperty": null,
          "multi": false,
          "deps": null
        }
      ],
      "viewProviders": [],
      "queries": [],
      "viewQueries": []
    },
    "directives": [],
    "pipes": []
  }
]