[
  {
    "class": "NormalizedComponentWithViewDirectives",
    "component": {
      "class": "Directive",
      "isComponent": true,
      "selector": "queries",
      "exportAs": null,
      "type": {
        "class": "Type",
        "name": "QueriesComponent",
        "moduleUrl": "asset:angular2/test/source_gen/template_compiler/test_files/queries.dart",
        "prefix": null,
        "isHost": false,
        "value": null,
        "diDeps": []
      },
      "changeDetection": 6,
      "inputs": {},
      "inputTypes": {},
      "outputs": {},
      "hostListeners": {},
      "hostProperties": {},
      "hostAttributes": {},
      "lifecycleHooks": [],
      "template": {
        "encapsulation": 0,
        "template": "    <another #q1></another>\n    <another #q2></another>\n    <another #q3></another>\n    <another #q4></another>\n    <another #q5></another>\n    <another #q6></another>\n    <another #q7></another>\n    <another #q8></another>\n    <another #q9></another>\n    <another #q10></another>\n    <another #q11></another>\n    <another #q12></another>\n  ",
        "templateUrl": null,
        "styles": [],
        "styleUrls": [],
        "ngContentSelectors": []
      },
      "providers": [],
      "viewProviders": [],
      "queries": [
        {
          "selectors": [
            {
              "value": "q7",
              "identifier": null,
              "identifierIsInstance": false
            }
          ],
          "descendants": false,
          "first": false,
          "propertyName": "queryFromField",
          "read": null
        },
        {
          "selectors": [
            {
              "value": "q9",
              "identifier": null,
              "identifierIsInstance": false
            }
          ],
          "descendants": false,
          "first": false,
          "propertyName": "contentChildrenFromField",
          "read": null
        },
        {
          "selectors": [
            {
              "value": "q11",
              "identifier": null,
              "identifierIsInstance": false
            }
          ],
          "descendants": true,
          "first": true,
          "propertyName": "contentChildFromField",
          "read": null
        },
        {
          "selectors": [
            {
              "value": "q1",
              "identifier": null,
              "identifierIsInstance": false
            }
          ],
          "descendants": false,
          "first": false,
          "propertyName": "queryFromAnnotation",
          "read": null
        },
        {
          "selectors": [
            {
              "value": "q2",
              "identifier": null,
              "identifierIsInstance": false
            }
          ],
          "descendants": false,
          "first": false,
          "propertyName": "viewQueryFromAnnotation",
          "read": null
        },
        {
          "selectors": [
            {
              "value": "q3",
              "identifier": null,
              "identifierIsInstance": false
            }
          ],
          "descendants": false,
          "first": false,
          "propertyName": "contentChildrenFromAnnotation",
          "read": null
        },
        {
          "selectors": [
            {
              "value": "q4",
              "identifier": null,
              "identifierIsInstance": false
            }
          ],
          "descendants": true,
          "first": false,
          "propertyName": "viewChildrenFromAnnotation",
          "read": null
        },
        {
          "selectors": [
            {
              "value": "q5",
              "identifier": null,
              "identifierIsInstance": false
            }
          ],
          "descendants": true,
          "first": true,
          "propertyName": "contentChildFromAnnotation",
          "read": null
        },
        {
          "selectors": [
            {
              "value": "q6",
              "identifier": null,
              "identifierIsInstance": false
            }
          ],
          "descendants": true,
          "first": true,
          "propertyName": "viewChildFromAnnotation",
          "read": null
        }
      ],
      "viewQueries": [
        {
          "selectors": [
            {
              "value": "q8",
              "identifier": null,
              "identifierIsInstance": false
            }
          ],
          "descendants": false,
          "first": false,
          "propertyName": "viewQueryFromField",
          "read": null
        },
        {
          "selectors": [
            {
              "value": "q10",
              "identifier": null,
              "identifierIsInstance": false
            }
          ],
          "descendants": true,
          "first": false,
          "propertyName": "viewChildrenFromField",
          "read": null
        },
        {
          "selectors": [
            {
              "value": "q12",
              "identifier": null,
              "identifierIsInstance": false
            }
          ],
          "descendants": true,
          "first": true,
          "propertyName": "viewChildFromField",
          "read": null
        },
        {
          "selectors": [
            {
              "value": "q12",
              "identifier": null,
              "identifierIsInstance": false
            }
          ],
          "descendants": true,
          "first": true,
          "propertyName": "readDIFromElement",
          "read": {
            "value": null,
            "identifier": {
              "class": "Identifier",
              "name": "ElementRef",
              "moduleUrl": "asset:angular2/lib/src/core/linker/element_ref.dart",
              "prefix": null,
              "value": null
            },
            "identifierIsInstance": false
          }
        },
        {
          "selectors": [
            {
              "value": null,
              "identifier": {
                "class": "Identifier",
                "name": "AnotherDirective",
                "moduleUrl": "asset:angular2/test/source_gen/template_compiler/test_files/queries.dart",
                "prefix": null,
                "value": null
              },
              "identifierIsInstance": false
            }
          ],
          "descendants": true,
          "first": false,
          "propertyName": "usingTypeFromField",
          "read": null
        }
      ]
    },
    "directives": [
      {
        "class": "Directive",
        "isComponent": false,
        "selector": "another",
        "exportAs": null,
        "type": {
          "class": "Type",
          "name": "AnotherDirective",
          "moduleUrl": "asset:angular2/test/source_gen/template_compiler/test_files/queries.dart",
          "prefix": null,
          "isHost": false,
          "value": null,
          "diDeps": []
        },
        "changeDetection": 6,
        "inputs": {},
        "inputTypes": {},
        "outputs": {},
        "hostListeners": {},
        "hostProperties": {},
        "hostAttributes": {},
        "lifecycleHooks": [],
        "template": {
          "encapsulation": 0,
          "template": null,
          "templateUrl": null,
          "styles": [],
          "styleUrls": [],
          "ngContentSelectors": []
        },
        "providers": [],
        "viewProviders": [],
        "queries": [],
        "viewQueries": []
      }
    ],
    "pipes": []
  }
]